Archive member included to satisfy reference by file (symbol)

C:/ST/STM32CubeIDE_1.19.0/STM32CubeIDE/plugins/com.st.stm32cube.ide.mcu.externaltools.gnu-tools-for-stm32.13.3.rel1.win32_1.0.0.202411081344/tools/bin/../lib/gcc/arm-none-eabi/13.3.1/../../../../arm-none-eabi/lib/thumb/v7e-m+fp/hard\libc_nano.a(libc_a-atoi.o)
                              ./Application/User/Core/rtc.o (atoi)
C:/ST/STM32CubeIDE_1.19.0/STM32CubeIDE/plugins/com.st.stm32cube.ide.mcu.externaltools.gnu-tools-for-stm32.13.3.rel1.win32_1.0.0.202411081344/tools/bin/../lib/gcc/arm-none-eabi/13.3.1/../../../../arm-none-eabi/lib/thumb/v7e-m+fp/hard\libc_nano.a(libc_a-exit.o)
                              C:/ST/STM32CubeIDE_1.19.0/STM32CubeIDE/plugins/com.st.stm32cube.ide.mcu.externaltools.gnu-tools-for-stm32.13.3.rel1.win32_1.0.0.202411081344/tools/bin/../lib/gcc/arm-none-eabi/13.3.1/../../../../arm-none-eabi/lib/thumb/v7e-m+fp/hard/crt0.o (exit)
C:/ST/STM32CubeIDE_1.19.0/STM32CubeIDE/plugins/com.st.stm32cube.ide.mcu.externaltools.gnu-tools-for-stm32.13.3.rel1.win32_1.0.0.202411081344/tools/bin/../lib/gcc/arm-none-eabi/13.3.1/../../../../arm-none-eabi/lib/thumb/v7e-m+fp/hard\libc_nano.a(libc_a-strtol.o)
                              C:/ST/STM32CubeIDE_1.19.0/STM32CubeIDE/plugins/com.st.stm32cube.ide.mcu.externaltools.gnu-tools-for-stm32.13.3.rel1.win32_1.0.0.202411081344/tools/bin/../lib/gcc/arm-none-eabi/13.3.1/../../../../arm-none-eabi/lib/thumb/v7e-m+fp/hard\libc_nano.a(libc_a-atoi.o) (_strtol_r)
C:/ST/STM32CubeIDE_1.19.0/STM32CubeIDE/plugins/com.st.stm32cube.ide.mcu.externaltools.gnu-tools-for-stm32.13.3.rel1.win32_1.0.0.202411081344/tools/bin/../lib/gcc/arm-none-eabi/13.3.1/../../../../arm-none-eabi/lib/thumb/v7e-m+fp/hard\libc_nano.a(libc_a-ctype_.o)
                              C:/ST/STM32CubeIDE_1.19.0/STM32CubeIDE/plugins/com.st.stm32cube.ide.mcu.externaltools.gnu-tools-for-stm32.13.3.rel1.win32_1.0.0.202411081344/tools/bin/../lib/gcc/arm-none-eabi/13.3.1/../../../../arm-none-eabi/lib/thumb/v7e-m+fp/hard\libc_nano.a(libc_a-strtol.o) (_ctype_)
C:/ST/STM32CubeIDE_1.19.0/STM32CubeIDE/plugins/com.st.stm32cube.ide.mcu.externaltools.gnu-tools-for-stm32.13.3.rel1.win32_1.0.0.202411081344/tools/bin/../lib/gcc/arm-none-eabi/13.3.1/../../../../arm-none-eabi/lib/thumb/v7e-m+fp/hard\libc_nano.a(libc_a-findfp.o)
                              ./Middlewares/FreeRTOS/tasks.o (__sf)
C:/ST/STM32CubeIDE_1.19.0/STM32CubeIDE/plugins/com.st.stm32cube.ide.mcu.externaltools.gnu-tools-for-stm32.13.3.rel1.win32_1.0.0.202411081344/tools/bin/../lib/gcc/arm-none-eabi/13.3.1/../../../../arm-none-eabi/lib/thumb/v7e-m+fp/hard\libc_nano.a(libc_a-fwalk.o)
                              C:/ST/STM32CubeIDE_1.19.0/STM32CubeIDE/plugins/com.st.stm32cube.ide.mcu.externaltools.gnu-tools-for-stm32.13.3.rel1.win32_1.0.0.202411081344/tools/bin/../lib/gcc/arm-none-eabi/13.3.1/../../../../arm-none-eabi/lib/thumb/v7e-m+fp/hard\libc_nano.a(libc_a-findfp.o) (_fwalk_sglue)
C:/ST/STM32CubeIDE_1.19.0/STM32CubeIDE/plugins/com.st.stm32cube.ide.mcu.externaltools.gnu-tools-for-stm32.13.3.rel1.win32_1.0.0.202411081344/tools/bin/../lib/gcc/arm-none-eabi/13.3.1/../../../../arm-none-eabi/lib/thumb/v7e-m+fp/hard\libc_nano.a(libc_a-snprintf.o)
                              ./Application/User/Core/freertos.o (snprintf)
C:/ST/STM32CubeIDE_1.19.0/STM32CubeIDE/plugins/com.st.stm32cube.ide.mcu.externaltools.gnu-tools-for-stm32.13.3.rel1.win32_1.0.0.202411081344/tools/bin/../lib/gcc/arm-none-eabi/13.3.1/../../../../arm-none-eabi/lib/thumb/v7e-m+fp/hard\libc_nano.a(libc_a-sprintf.o)
                              ./Application/User/Core/freertos.o (sprintf)
C:/ST/STM32CubeIDE_1.19.0/STM32CubeIDE/plugins/com.st.stm32cube.ide.mcu.externaltools.gnu-tools-for-stm32.13.3.rel1.win32_1.0.0.202411081344/tools/bin/../lib/gcc/arm-none-eabi/13.3.1/../../../../arm-none-eabi/lib/thumb/v7e-m+fp/hard\libc_nano.a(libc_a-stdio.o)
                              C:/ST/STM32CubeIDE_1.19.0/STM32CubeIDE/plugins/com.st.stm32cube.ide.mcu.externaltools.gnu-tools-for-stm32.13.3.rel1.win32_1.0.0.202411081344/tools/bin/../lib/gcc/arm-none-eabi/13.3.1/../../../../arm-none-eabi/lib/thumb/v7e-m+fp/hard\libc_nano.a(libc_a-findfp.o) (__sread)
C:/ST/STM32CubeIDE_1.19.0/STM32CubeIDE/plugins/com.st.stm32cube.ide.mcu.externaltools.gnu-tools-for-stm32.13.3.rel1.win32_1.0.0.202411081344/tools/bin/../lib/gcc/arm-none-eabi/13.3.1/../../../../arm-none-eabi/lib/thumb/v7e-m+fp/hard\libc_nano.a(libc_a-memset.o)
                              C:/ST/STM32CubeIDE_1.19.0/STM32CubeIDE/plugins/com.st.stm32cube.ide.mcu.externaltools.gnu-tools-for-stm32.13.3.rel1.win32_1.0.0.202411081344/tools/bin/../lib/gcc/arm-none-eabi/13.3.1/../../../../arm-none-eabi/lib/thumb/v7e-m+fp/hard/crt0.o (memset)
C:/ST/STM32CubeIDE_1.19.0/STM32CubeIDE/plugins/com.st.stm32cube.ide.mcu.externaltools.gnu-tools-for-stm32.13.3.rel1.win32_1.0.0.202411081344/tools/bin/../lib/gcc/arm-none-eabi/13.3.1/../../../../arm-none-eabi/lib/thumb/v7e-m+fp/hard\libc_nano.a(libc_a-strncmp.o)
[...]
Memory Configuration

Name             Origin             Length             Attributes
RAM              0x20000000         0x00020000         xrw
FLASH            0x08000000         0x00080000         xr
*default*        0x00000000         0xffffffff

Linker script and memory map

LOAD C:/ST/STM32CubeIDE_1.19.0/STM32CubeIDE/plugins/com.st.stm32cube.ide.mcu.externaltools.gnu-tools-for-stm32.13.3.rel1.win32_1.0.0.202411081344/tools/bin/../lib/gcc/arm-none-eabi/13.3.1/thumb/v7e-m+fp/hard/crti.o
LOAD C:/ST/STM32CubeIDE_1.19.0/STM32CubeIDE/plugins/com.st.stm32cube.ide.mcu.externaltools.gnu-tools-for-stm32.13.3.rel1.win32_1.0.0.202411081344/tools/bin/../lib/gcc/arm-none-eabi/13.3.1/thumb/v7e-m+fp/hard/crtbegin.o
LOAD C:/ST/STM32CubeIDE_1.19.0/STM32CubeIDE/plugins/com.st.stm32cube.ide.mcu.externaltools.gnu-tools-for-stm32.13.3.rel1.win32_1.0.0.202411081344/tools/bin/../lib/gcc/arm-none-eabi/13.3.1/../../../../arm-none-eabi/lib/thumb/v7e-m+fp/hard/crt0.o
LOAD ./Application/User/Core/ds1302.o
LOAD ./Application/User/Core/freertos.o
LOAD ./Application/User/Core/gpio.o
LOAD ./Application/User/Core/i2c.o
LOAD ./Application/User/Core/ir_decode.o
LOAD ./Application/User/Core/lcd.o
LOAD ./Application/User/Core/main.o
LOAD ./Application/User/Core/rtc.o
LOAD ./Application/User/Core/stm32f4xx_hal_msp.o
LOAD ./Application/User/Core/stm32f4xx_it.o
LOAD ./Application/User/Core/syscalls.o
LOAD ./Application/User/Core/sysmem.o
LOAD ./Application/User/Core/tim.o
LOAD ./Application/User/Core/usart.o
LOAD ./Application/User/Startup/startup_stm32f411retx.o
LOAD ./Drivers/CMSIS/system_stm32f4xx.o
LOAD ./Drivers/STM32F4xx_HAL_Driver/stm32f4xx_hal.o
LOAD ./Drivers/STM32F4xx_HAL_Driver/stm32f4xx_hal_cortex.o
LOAD ./Drivers/STM32F4xx_HAL_Driver/stm32f4xx_hal_dma.o
LOAD ./Drivers/STM32F4xx_HAL_Driver/stm32f4xx_hal_dma_ex.o
LOAD ./Drivers/STM32F4xx_HAL_Driver/stm32f4xx_hal_exti.o
LOAD ./Drivers/STM32F4xx_HAL_Driver/stm32f4xx_hal_flash.o
LOAD ./Drivers/STM32F4xx_HAL_Driver/stm32f4xx_hal_flash_ex.o
LOAD ./Drivers/STM32F4xx_HAL_Driver/stm32f4xx_hal_flash_ramfunc.o
LOAD ./Drivers/STM32F4xx_HAL_Driver/stm32f4xx_hal_gpio.o
LOAD ./Drivers/STM32F4xx_HAL_Driver/stm32f4xx_hal_i2c.o
LOAD ./Drivers/STM32F4xx_HAL_Driver/stm32f4xx_hal_i2c_ex.o
LOAD ./Drivers/STM32F4xx_HAL_Driver/stm32f4xx_hal_pwr.o
LOAD ./Drivers/STM32F4xx_HAL_Driver/stm32f4xx_hal_pwr_ex.o
LOAD ./Drivers/STM32F4xx_HAL_Driver/stm32f4xx_hal_rcc.o
LOAD ./Drivers/STM32F4xx_HAL_Driver/stm32f4xx_hal_rcc_ex.o
LOAD ./Drivers/STM32F4xx_HAL_Driver/stm32f4xx_hal_rtc.o
LOAD ./Drivers/STM32F4xx_HAL_Driver/stm32f4xx_hal_rtc_ex.o
LOAD ./Drivers/STM32F4xx_HAL_Driver/stm32f4xx_hal_tim.o
LOAD ./Drivers/STM32F4xx_HAL_Driver/stm32f4xx_hal_tim_ex.o
LOAD ./Drivers/STM32F4xx_HAL_Driver/stm32f4xx_hal_uart.o
LOAD ./Middlewares/FreeRTOS/cmsis_os2.o
LOAD ./Middlewares/FreeRTOS/croutine.o
LOAD ./Middlewares/FreeRTOS/event_groups.o
LOAD ./Middlewares/FreeRTOS/heap_4.o
LOAD ./Middlewares/FreeRTOS/list.o
LOAD ./Middlewares/FreeRTOS/port.o
LOAD ./Middlewares/FreeRTOS/queue.o
LOAD ./Middlewares/FreeRTOS/stream_buffer.o
LOAD ./Middlewares/FreeRTOS/tasks.o
LOAD ./Middlewares/FreeRTOS/timers.o
START GROUP
LOAD C:/ST/STM32CubeIDE_1.19.0/STM32CubeIDE/plugins/com.st.stm32cube.ide.mcu.externaltools.gnu-tools-for-stm32.13.3.rel1.win32_1.0.0.202411081344/tools/bin/../lib/gcc/arm-none-eabi/13.3.1/../../../../arm-none-eabi/lib/thumb/v7e-m+fp/hard\libc_nano.a
LOAD C:/ST/STM32CubeIDE_1.19.0/STM32CubeIDE/plugins/com.st.stm32cube.ide.mcu.externaltools.gnu-tools-for-stm32.13.3.rel1.win32_1.0.0.202411081344/tools/bin/../lib/gcc/arm-none-eabi/13.3.1/../../../../arm-none-eabi/lib/thumb/v7e-m+fp/hard\libm.a
END GROUP
START GROUP
LOAD C:/ST/STM32CubeIDE_1.19.0/STM32CubeIDE/plugins/com.st.stm32cube.ide.mcu.externaltools.gnu-tools-for-stm32.13.3.rel1.win32_1.0.0.202411081344/tools/bin/../lib/gcc/arm-none-eabi/13.3.1/thumb/v7e-m+fp/hard\libgcc.a
LOAD C:/ST/STM32CubeIDE_1.19.0/STM32CubeIDE/plugins/com.st.stm32cube.ide.mcu.externaltools.gnu-tools-for-stm32.13.3.rel1.win32_1.0.0.202411081344/tools/bin/../lib/gcc/arm-none-eabi/13.3.1/../../../../arm-none-eabi/lib/thumb/v7e-m+fp/hard\libc_nano.a
END GROUP
START GROUP
LOAD C:/ST/STM32CubeIDE_1.19.0/STM32CubeIDE/plugins/com.st.stm32cube.ide.mcu.externaltools.gnu-tools-for-stm32.13.3.rel1.win32_1.0.0.202411081344/tools/bin/../lib/gcc/arm-none-eabi/13.3.1/thumb/v7e-m+fp/hard\libgcc.a
LOAD C:/ST/STM32CubeIDE_1.19.0/STM32CubeIDE/plugins/com.st.stm32cube.ide.mcu.externaltools.gnu-tools-for-stm32.13.3.rel1.win32_1.0.0.202411081344/tools/bin/../lib/gcc/arm-none-eabi/13.3.1/../../../../arm-none-eabi/lib/thumb/v7e-m+fp/hard\libc_nano.a
LOAD C:/ST/STM32CubeIDE_1.19.0/STM32CubeIDE/plugins/com.st.stm32cube.ide.mcu.externaltools.gnu-tools-for-stm32.13.3.rel1.win32_1.0.0.202411081344/tools/bin/../lib/gcc/arm-none-eabi/13.3.1/../../../../arm-none-eabi/lib/thumb/v7e-m+fp/hard\libnosys.a
END GROUP
START GROUP
LOAD C:/ST/STM32CubeIDE_1.19.0/STM32CubeIDE/plugins/com.st.stm32cube.ide.mcu.externaltools.gnu-tools-for-stm32.13.3.rel1.win32_1.0.0.202411081344/tools/bin/../lib/gcc/arm-none-eabi/13.3.1/thumb/v7e-m+fp/hard\libgcc.a
LOAD C:/ST/STM32CubeIDE_1.19.0/STM32CubeIDE/plugins/com.st.stm32cube.ide.mcu.externaltools.gnu-tools-for-stm32.13.3.rel1.win32_1.0.0.202411081344/tools/bin/../lib/gcc/arm-none-eabi/13.3.1/../../../../arm-none-eabi/lib/thumb/v7e-m+fp/hard\libc_nano.a
LOAD C:/ST/STM32CubeIDE_1.19.0/STM32CubeIDE/plugins/com.st.stm32cube.ide.mcu.externaltools.gnu-tools-for-stm32.13.3.rel1.win32_1.0.0.202411081344/tools/bin/../lib/gcc/arm-none-eabi/13.3.1/../../../../arm-none-eabi/lib/thumb/v7e-m+fp/hard\libnosys.a
END GROUP
LOAD C:/ST/STM32CubeIDE_1.19.0/STM32CubeIDE/plugins/com.st.stm32cube.ide.mcu.externaltools.gnu-tools-for-stm32.13.3.rel1.win32_1.0.0.202411081344/tools/bin/../lib/gcc/arm-none-eabi/13.3.1/thumb/v7e-m+fp/hard/crtend.o
LOAD C:/ST/STM32CubeIDE_1.19.0/STM32CubeIDE/plugins/com.st.stm32cube.ide.mcu.externaltools.gnu-tools-for-stm32.13.3.rel1.win32_1.0.0.202411081344/tools/bin/../lib/gcc/arm-none-eabi/13.3.1/thumb/v7e-m+fp/hard/crtn.o
                0x20020000                        _estack = (ORIGIN (RAM) + LENGTH (RAM))
                0x00000200                        _Min_Heap_Size = 0x200
                0x00000400                        _Min_Stack_Size = 0x400

.isr_vector     0x08000000      0x198
                0x08000000                        . = ALIGN (0x4)
 *(.isr_vector)
 .isr_vector    0x08000000      0x198 ./Application/User/Startup/startup_stm32f411retx.o
                0x08000000                g_pfnVectors
                0x08000198                        . = ALIGN (0x4)

.text           0x080001a0     0xa75c
                0x080001a0                        . = ALIGN (0x4)
 *(.text)
 .text          0x080001a0       0x40 C:/ST/STM32CubeIDE_1.19.0/STM32CubeIDE/plugins/com.st.stm32cube.ide.mcu.externaltools.gnu-tools-for-stm32.13.3.rel1.win32_1.0.0.202411081344/tools/bin/../lib/gcc/arm-none-eabi/13.3.1/thumb/v7e-m+fp/hard/crtbegin.o
 .text          0x080001e0       0xa0 C:/ST/STM32CubeIDE_1.19.0/STM32CubeIDE/plugins/com.st.stm32cube.ide.mcu.externaltools.gnu-tools-for-stm32.13.3.rel1.win32_1.0.0.202411081344/tools/bin/../lib/gcc/arm-none-eabi/13.3.1/../../../../arm-none-eabi/lib/thumb/v7e-m+fp/hard\libc_nano.a(libc_a-memchr.o)
                0x080001e0                memchr
 .text          0x08000280       0x30 C:/ST/STM32CubeIDE_1.19.0/STM32CubeIDE/plugins/com.st.stm32cube.ide.mcu.externaltools.gnu-tools-for-stm32.13.3.rel1.win32_1.0.0.202411081344/tools/bin/../lib/gcc/arm-none-eabi/13.3.1/thumb/v7e-m+fp/hard\libgcc.a(_aeabi_uldivmod.o)
                0x08000280                __aeabi_uldivmod
 .text          0x080002b0      0x2f8 C:/ST/STM32CubeIDE_1.19.0/STM32CubeIDE/plugins/com.st.stm32cube.ide.mcu.externaltools.gnu-tools-for-stm32.13.3.rel1.win32_1.0.0.202411081344/tools/bin/../lib/gcc/arm-none-eabi/13.3.1/thumb/v7e-m+fp/hard\libgcc.a(_udivmoddi4.o)
                0x080002b0                __udivmoddi4
 .text          0x080005a8        0x4 C:/ST/STM32CubeIDE_1.19.0/STM32CubeIDE/plugins/com.st.stm32cube.ide.mcu.externaltools.gnu-tools-for-stm32.13.3.rel1.win32_1.0.0.202411081344/tools/bin/../lib/gcc/arm-none-eabi/13.3.1/thumb/v7e-m+fp/hard\libgcc.a(_dvmd_tls.o)
                0x080005a8                __aeabi_idiv0
                0x080005a8                __aeabi_ldiv0
 *(.text*)
 .text.dec_to_bcd
                0x080005ac       0x4c ./Application/User/Core/ds1302.o
 .text.ds1302_set_pin_output
                0x080005f8       0x38 ./Application/User/Core/ds1302.o
                0x080005f8                ds1302_set_pin_output
 .text.ds1302_write_byte
                0x08000630       0x68 ./Application/User/Core/ds1302.o
 .text.DS1302_SetTime
                0x08000698      0x100 ./Application/User/Core/ds1302.o
                0x08000698                DS1302_SetTime
 .text.MX_FREERTOS_Init
                0x08000798       0xc8 ./Application/User/Core/freertos.o
                0x08000798                MX_FREERTOS_Init
 .text.StartTimeTask
                0x08000860       0x84 ./Application/User/Core/freertos.o
                0x08000860                StartTimeTask
 .text.StartAlarmTask
                0x080008e4       0xbc ./Application/User/Core/freertos.o
                0x080008e4                StartAlarmTask
 .text.StartIRTask
                0x080009a0      0x770 ./Application/User/Core/freertos.o
                0x080009a0                StartIRTask
 .text.StartUIStateTask
                0x08001110      0x1a4 ./Application/User/Core/freertos.o
                0x08001110                StartUIStateTask
 .text.StartLCDTask
                0x080012b4       0x54 ./Application/User/Core/freertos.o
                0x080012b4                StartLCDTask
 .text.MX_GPIO_Init
                0x08001308      0x150 ./Application/User/Core/gpio.o
                0x08001308                MX_GPIO_Init
 .text.MX_I2C1_Init
                0x08001458       0x5c ./Application/User/Core/i2c.o
                0x08001458                MX_I2C1_Init
 .text.HAL_I2C_MspInit
                0x080014b4       0x90 ./Application/User/Core/i2c.o
                0x080014b4                HAL_I2C_MspInit
 .text.check_ir
                0x08001544       0xb8 ./Application/User/Core/ir_decode.o
                0x08001544                check_ir
 .text.reset_ir_state
                0x080015fc       0x38 ./Application/User/Core/ir_decode.o
                0x080015fc                reset_ir_state
 .text.LCD_Delay
                0x08001634       0x16 ./Application/User/Core/lcd.o
 .text.LCD_Init
                0x0800164a       0x40 ./Application/User/Core/lcd.o
                0x0800164a                LCD_Init
 .text.LCD_SetCursor
                0x0800168a       0x36 ./Application/User/Core/lcd.o
                0x0800168a                LCD_SetCursor
 .text.LCD_Print
                0x080016c0       0x2a ./Application/User/Core/lcd.o
                0x080016c0                LCD_Print
 .text.LCD_Send_Cmd
                0x080016ea       0x30 ./Application/User/Core/lcd.o
 .text.LCD_Send_Data
                0x0800171a       0x30 ./Application/User/Core/lcd.o
 *fill*         0x0800174a        0x2 
 .text.LCD_Send
                0x0800174c       0x6c ./Application/User/Core/lcd.o
 .text.main     0x080017b8       0x50 ./Application/User/Core/main.o
                0x080017b8                main
 .text.SystemClock_Config
                0x08001808       0xd8 ./Application/User/Core/main.o
                0x08001808                SystemClock_Config
 .text.HAL_GPIO_EXTI_Callback
                0x080018e0       0x48 ./Application/User/Core/main.o
                0x080018e0                HAL_GPIO_EXTI_Callback
 .text.Error_Handler
                0x08001928        0xc ./Application/User/Core/main.o
                0x08001928                Error_Handler
 .text.MX_RTC_Init
                0x08001934      0x118 ./Application/User/Core/rtc.o
                0x08001934                MX_RTC_Init
 .text.HAL_RTC_MspInit
                0x08001a4c       0x68 ./Application/User/Core/rtc.o
                0x08001a4c                HAL_RTC_MspInit
 .text.Parse_CompileTime_And_Set_RTC
                0x08001ab4      0x160 ./Application/User/Core/rtc.o
                0x08001ab4                Parse_CompileTime_And_Set_RTC
 .text.HAL_MspInit
                0x08001c14       0x58 ./Application/User/Core/stm32f4xx_hal_msp.o
                0x08001c14                HAL_MspInit
 .text.NMI_Handler
                0x08001c6c        0x8 ./Application/User/Core/stm32f4xx_it.o
                0x08001c6c                NMI_Handler
 .text.HardFault_Handler
                0x08001c74        0x8 ./Application/User/Core/stm32f4xx_it.o
                0x08001c74                HardFault_Handler
 .text.MemManage_Handler
                0x08001c7c        0x8 ./Application/User/Core/stm32f4xx_it.o
                0x08001c7c                MemManage_Handler
 .text.BusFault_Handler
                0x08001c84        0x8 ./Application/User/Core/stm32f4xx_it.o
                0x08001c84                BusFault_Handler
 .text.UsageFault_Handler
                0x08001c8c        0x8 ./Application/User/Core/stm32f4xx_it.o
                0x08001c8c                UsageFault_Handler
 .text.DebugMon_Handler
                0x08001c94        0xe ./Application/User/Core/stm32f4xx_it.o
                0x08001c94                DebugMon_Handler
 .text.SysTick_Handler
                0x08001ca2       0x1a ./Application/User/Core/stm32f4xx_it.o
                0x08001ca2                SysTick_Handler
 .text.EXTI0_IRQHandler
                0x08001cbc        0xe ./Application/User/Core/stm32f4xx_it.o
                0x08001cbc                EXTI0_IRQHandler
 *fill*         0x08001cca        0x2 
 .text.TIM2_IRQHandler
                0x08001ccc       0x14 ./Application/User/Core/stm32f4xx_it.o
                0x08001ccc                TIM2_IRQHandler
 .text.USART2_IRQHandler
                0x08001ce0       0x14 ./Application/User/Core/stm32f4xx_it.o
                0x08001ce0                USART2_IRQHandler
 .text.EXTI15_10_IRQHandler
                0x08001cf4       0x10 ./Application/User/Core/stm32f4xx_it.o
                0x08001cf4                EXTI15_10_IRQHandler
 .text.RTC_Alarm_IRQHandler
                0x08001d04       0x14 ./Application/User/Core/stm32f4xx_it.o
                0x08001d04                RTC_Alarm_IRQHandler
 .text._getpid  0x08001d18       0x10 ./Application/User/Core/syscalls.o
                0x08001d18                _getpid
 .text._kill    0x08001d28       0x20 ./Application/User/Core/syscalls.o
                0x08001d28                _kill
 .text._exit    0x08001d48       0x16 ./Application/User/Core/syscalls.o
                0x08001d48                _exit
 .text._read    0x08001d5e       0x3a ./Application/User/Core/syscalls.o
                0x08001d5e                _read
 .text._write   0x08001d98       0x38 ./Application/User/Core/syscalls.o
                0x08001d98                _write
 .text._close   0x08001dd0       0x18 ./Application/User/Core/syscalls.o
                0x08001dd0                _close
 .text._fstat   0x08001de8       0x20 ./Application/User/Core/syscalls.o
                0x08001de8                _fstat
 .text._isatty  0x08001e08       0x16 ./Application/User/Core/syscalls.o
                0x08001e08                _isatty
 .text._lseek   0x08001e1e       0x1a ./Application/User/Core/syscalls.o
                0x08001e1e                _lseek
 .text._sbrk    0x08001e38       0x6c ./Application/User/Core/sysmem.o
                0x08001e38                _sbrk
 .text.MX_TIM2_Init
                0x08001ea4       0x98 ./Application/User/Core/tim.o
                0x08001ea4                MX_TIM2_Init
 .text.HAL_TIM_Base_MspInit
                0x08001f3c       0x4c ./Application/User/Core/tim.o
                0x08001f3c                HAL_TIM_Base_MspInit
 .text.MX_USART2_UART_Init
                0x08001f88       0x54 ./Application/User/Core/usart.o
                0x08001f88                MX_USART2_UART_Init
 .text.HAL_UART_MspInit
                0x08001fdc       0xa0 ./Application/User/Core/usart.o
                0x08001fdc                HAL_UART_MspInit
 .text.Reset_Handler
                0x0800207c       0x50 ./Application/User/Startup/startup_stm32f411retx.o
                0x0800207c                Reset_Handler
 .text.Default_Handler
                0x080020cc        0x2 ./Application/User/Startup/startup_stm32f411retx.o
                0x080020cc                EXTI2_IRQHandler
                0x080020cc                SPI4_IRQHandler
                0x080020cc                TIM1_CC_IRQHandler
                0x080020cc                DMA2_Stream5_IRQHandler
                0x080020cc                DMA1_Stream5_IRQHandler
                0x080020cc                PVD_IRQHandler
                0x080020cc                SDIO_IRQHandler
                0x080020cc                TAMP_STAMP_IRQHandler
                0x080020cc                EXTI3_IRQHandler
                0x080020cc                TIM1_UP_TIM10_IRQHandler
                0x080020cc                I2C3_ER_IRQHandler
                0x080020cc                I2C2_EV_IRQHandler
                0x080020cc                DMA1_Stream2_IRQHandler
                0x080020cc                FPU_IRQHandler
                0x080020cc                DMA2_Stream2_IRQHandler
                0x080020cc                SPI1_IRQHandler
                0x080020cc                TIM1_BRK_TIM9_IRQHandler
                0x080020cc                DMA2_Stream3_IRQHandler
                0x080020cc                USART6_IRQHandler
                0x080020cc                DMA2_Stream0_IRQHandler
                0x080020cc                TIM4_IRQHandler
                0x080020cc                I2C1_EV_IRQHandler
                0x080020cc                DMA1_Stream6_IRQHandler
                0x080020cc                DMA1_Stream1_IRQHandler
                0x080020cc                TIM3_IRQHandler
                0x080020cc                RCC_IRQHandler
                0x080020cc                Default_Handler
                0x080020cc                ADC_IRQHandler
                0x080020cc                DMA1_Stream7_IRQHandler
                0x080020cc                SPI5_IRQHandler
                0x080020cc                TIM5_IRQHandler
                0x080020cc                DMA2_Stream7_IRQHandler
                0x080020cc                I2C3_EV_IRQHandler
                0x080020cc                EXTI9_5_IRQHandler
                0x080020cc                RTC_WKUP_IRQHandler
                0x080020cc                SPI2_IRQHandler
                0x080020cc                DMA1_Stream0_IRQHandler
                0x080020cc                EXTI4_IRQHandler
                0x080020cc                WWDG_IRQHandler
                0x080020cc                OTG_FS_WKUP_IRQHandler
                0x080020cc                TIM1_TRG_COM_TIM11_IRQHandler
                0x080020cc                EXTI1_IRQHandler
                0x080020cc                I2C2_ER_IRQHandler
                0x080020cc                DMA2_Stream1_IRQHandler
                0x080020cc                FLASH_IRQHandler
                0x080020cc                DMA2_Stream4_IRQHandler
                0x080020cc                USART1_IRQHandler
                0x080020cc                OTG_FS_IRQHandler
                0x080020cc                SPI3_IRQHandler
                0x080020cc                DMA1_Stream4_IRQHandler
                0x080020cc                I2C1_ER_IRQHandler
                0x080020cc                DMA2_Stream6_IRQHandler
                0x080020cc                DMA1_Stream3_IRQHandler
 *fill*         0x080020ce        0x2 
 .text.SystemInit
                0x080020d0       0x24 ./Drivers/CMSIS/system_stm32f4xx.o
                0x080020d0                SystemInit
 .text.HAL_Init
                0x080020f4       0x44 ./Drivers/STM32F4xx_HAL_Driver/stm32f4xx_hal.o
                0x080020f4                HAL_Init
 .text.HAL_InitTick
                0x08002138       0x60 ./Drivers/STM32F4xx_HAL_Driver/stm32f4xx_hal.o
                0x08002138                HAL_InitTick
 .text.HAL_IncTick
                0x08002198       0x28 ./Drivers/STM32F4xx_HAL_Driver/stm32f4xx_hal.o
                0x08002198                HAL_IncTick
 .text.HAL_GetTick
                0x080021c0       0x18 ./Drivers/STM32F4xx_HAL_Driver/stm32f4xx_hal.o
                0x080021c0                HAL_GetTick
 .text.__NVIC_SetPriorityGrouping
                0x080021d8       0x48 ./Drivers/STM32F4xx_HAL_Driver/stm32f4xx_hal_cortex.o
 .text.__NVIC_GetPriorityGrouping
                0x08002220       0x1c ./Drivers/STM32F4xx_HAL_Driver/stm32f4xx_hal_cortex.o
 .text.__NVIC_EnableIRQ
                0x0800223c       0x3c ./Drivers/STM32F4xx_HAL_Driver/stm32f4xx_hal_cortex.o
 .text.__NVIC_SetPriority
                0x08002278       0x54 ./Drivers/STM32F4xx_HAL_Driver/stm32f4xx_hal_cortex.o
 .text.NVIC_EncodePriority
                0x080022cc       0x66 ./Drivers/STM32F4xx_HAL_Driver/stm32f4xx_hal_cortex.o
 *fill*         0x08002332        0x2 
 .text.SysTick_Config
                0x08002334       0x44 ./Drivers/STM32F4xx_HAL_Driver/stm32f4xx_hal_cortex.o
 .text.HAL_NVIC_SetPriorityGrouping
                0x08002378       0x16 ./Drivers/STM32F4xx_HAL_Driver/stm32f4xx_hal_cortex.o
                0x08002378                HAL_NVIC_SetPriorityGrouping
 .text.HAL_NVIC_SetPriority
                0x0800238e       0x38 ./Drivers/STM32F4xx_HAL_Driver/stm32f4xx_hal_cortex.o
                0x0800238e                HAL_NVIC_SetPriority
 .text.HAL_NVIC_EnableIRQ
                0x080023c6       0x1c ./Drivers/STM32F4xx_HAL_Driver/stm32f4xx_hal_cortex.o
                0x080023c6                HAL_NVIC_EnableIRQ
 .text.HAL_SYSTICK_Config
                0x080023e2       0x18 ./Drivers/STM32F4xx_HAL_Driver/stm32f4xx_hal_cortex.o
                0x080023e2                HAL_SYSTICK_Config
 .text.HAL_DMA_Abort
                0x080023fa       0xe0 ./Drivers/STM32F4xx_HAL_Driver/stm32f4xx_hal_dma.o
                0x080023fa                HAL_DMA_Abort
 .text.HAL_DMA_Abort_IT
                0x080024da       0x44 ./Drivers/STM32F4xx_HAL_Driver/stm32f4xx_hal_dma.o
                0x080024da                HAL_DMA_Abort_IT
 *fill*         0x0800251e        0x2 
 .text.HAL_GPIO_Init
                0x08002520      0x308 ./Drivers/STM32F4xx_HAL_Driver/stm32f4xx_hal_gpio.o
                0x08002520                HAL_GPIO_Init
 .text.HAL_GPIO_ReadPin
                0x08002828       0x30 ./Drivers/STM32F4xx_HAL_Driver/stm32f4xx_hal_gpio.o
                0x08002828                HAL_GPIO_ReadPin
 .text.HAL_GPIO_WritePin
                0x08002858       0x32 ./Drivers/STM32F4xx_HAL_Driver/stm32f4xx_hal_gpio.o
                0x08002858                HAL_GPIO_WritePin
 *fill*         0x0800288a        0x2 
 .text.HAL_GPIO_EXTI_IRQHandler
                0x0800288c       0x30 ./Drivers/STM32F4xx_HAL_Driver/stm32f4xx_hal_gpio.o
                0x0800288c                HAL_GPIO_EXTI_IRQHandler
 .text.HAL_I2C_Init
                0x080028bc      0x288 ./Drivers/STM32F4xx_HAL_Driver/stm32f4xx_hal_i2c.o
                0x080028bc                HAL_I2C_Init
 .text.HAL_I2C_Master_Transmit
                0x08002b44      0x1fc ./Drivers/STM32F4xx_HAL_Driver/stm32f4xx_hal_i2c.o
                0x08002b44                HAL_I2C_Master_Transmit
 .text.I2C_MasterRequestWrite
                0x08002d40      0x104 ./Drivers/STM32F4xx_HAL_Driver/stm32f4xx_hal_i2c.o
 .text.I2C_WaitOnFlagUntilTimeout
                0x08002e44       0xf4 ./Drivers/STM32F4xx_HAL_Driver/stm32f4xx_hal_i2c.o
 .text.I2C_WaitOnMasterAddressFlagUntilTimeout
                0x08002f38      0x140 ./Drivers/STM32F4xx_HAL_Driver/stm32f4xx_hal_i2c.o
 .text.I2C_WaitOnTXEFlagUntilTimeout
                0x08003078       0x90 ./Drivers/STM32F4xx_HAL_Driver/stm32f4xx_hal_i2c.o
 .text.I2C_WaitOnBTFFlagUntilTimeout
                0x08003108       0x90 ./Drivers/STM32F4xx_HAL_Driver/stm32f4xx_hal_i2c.o
 .text.I2C_IsAcknowledgeFailed
                0x08003198       0x5e ./Drivers/STM32F4xx_HAL_Driver/stm32f4xx_hal_i2c.o
 *fill*         0x080031f6        0x2 
 .text.HAL_RCC_OscConfig
                0x080031f8      0x4f0 ./Drivers/STM32F4xx_HAL_Driver/stm32f4xx_hal_rcc.o
                0x080031f8                HAL_RCC_OscConfig
 .text.HAL_RCC_ClockConfig
                0x080036e8      0x1cc ./Drivers/STM32F4xx_HAL_Driver/stm32f4xx_hal_rcc.o
                0x080036e8                HAL_RCC_ClockConfig
 .text.HAL_RCC_GetSysClockFreq
                0x080038b4      0x20c ./Drivers/STM32F4xx_HAL_Driver/stm32f4xx_hal_rcc.o
                0x080038b4                HAL_RCC_GetSysClockFreq
 .text.HAL_RCC_GetHCLKFreq
                0x08003ac0       0x18 ./Drivers/STM32F4xx_HAL_Driver/stm32f4xx_hal_rcc.o
                0x08003ac0                HAL_RCC_GetHCLKFreq
 .text.HAL_RCC_GetPCLK1Freq
                0x08003ad8       0x28 ./Drivers/STM32F4xx_HAL_Driver/stm32f4xx_hal_rcc.o
                0x08003ad8                HAL_RCC_GetPCLK1Freq
 .text.HAL_RCC_GetPCLK2Freq
                0x08003b00       0x28 ./Drivers/STM32F4xx_HAL_Driver/stm32f4xx_hal_rcc.o
                0x08003b00                HAL_RCC_GetPCLK2Freq
 .text.HAL_RCCEx_PeriphCLKConfig
                0x08003b28      0x1e0 ./Drivers/STM32F4xx_HAL_Driver/stm32f4xx_hal_rcc_ex.o
                0x08003b28                HAL_RCCEx_PeriphCLKConfig
 .text.HAL_RTC_Init
                0x08003d08      0x102 ./Drivers/STM32F4xx_HAL_Driver/stm32f4xx_hal_rtc.o
                0x08003d08                HAL_RTC_Init
 .text.HAL_RTC_SetTime
                0x08003e0a      0x134 ./Drivers/STM32F4xx_HAL_Driver/stm32f4xx_hal_rtc.o
                0x08003e0a                HAL_RTC_SetTime
 .text.HAL_RTC_GetTime
                0x08003f3e       0xbc ./Drivers/STM32F4xx_HAL_Driver/stm32f4xx_hal_rtc.o
                0x08003f3e                HAL_RTC_GetTime
 .text.HAL_RTC_SetDate
                0x08003ffa      0x108 ./Drivers/STM32F4xx_HAL_Driver/stm32f4xx_hal_rtc.o
                0x08003ffa                HAL_RTC_SetDate
 .text.HAL_RTC_GetDate
                0x08004102       0x9e ./Drivers/STM32F4xx_HAL_Driver/stm32f4xx_hal_rtc.o
                0x08004102                HAL_RTC_GetDate
 .text.HAL_RTC_SetAlarm_IT
                0x080041a0      0x288 ./Drivers/STM32F4xx_HAL_Driver/stm32f4xx_hal_rtc.o
                0x080041a0                HAL_RTC_SetAlarm_IT
 .text.HAL_RTC_AlarmIRQHandler
                0x08004428       0x8c ./Drivers/STM32F4xx_HAL_Driver/stm32f4xx_hal_rtc.o
                0x08004428                HAL_RTC_AlarmIRQHandler
 .text.HAL_RTC_AlarmAEventCallback
                0x080044b4       0x14 ./Drivers/STM32F4xx_HAL_Driver/stm32f4xx_hal_rtc.o
                0x080044b4                HAL_RTC_AlarmAEventCallback
 .text.HAL_RTC_WaitForSynchro
                0x080044c8       0x4c ./Drivers/STM32F4xx_HAL_Driver/stm32f4xx_hal_rtc.o
                0x080044c8                HAL_RTC_WaitForSynchro
 .text.RTC_EnterInitMode
                0x08004514       0x6e ./Drivers/STM32F4xx_HAL_Driver/stm32f4xx_hal_rtc.o
                0x08004514                RTC_EnterInitMode
 .text.RTC_ExitInitMode
                0x08004582       0x4a ./Drivers/STM32F4xx_HAL_Driver/stm32f4xx_hal_rtc.o
                0x08004582                RTC_ExitInitMode
 .text.RTC_ByteToBcd2
                0x080045cc       0x3c ./Drivers/STM32F4xx_HAL_Driver/stm32f4xx_hal_rtc.o
                0x080045cc                RTC_ByteToBcd2
 .text.RTC_Bcd2ToByte
                0x08004608       0x3c ./Drivers/STM32F4xx_HAL_Driver/stm32f4xx_hal_rtc.o
                0x08004608                RTC_Bcd2ToByte
 .text.HAL_RTCEx_BKUPWrite
                0x08004644       0x34 ./Drivers/STM32F4xx_HAL_Driver/stm32f4xx_hal_rtc_ex.o
                0x08004644                HAL_RTCEx_BKUPWrite
 .text.HAL_RTCEx_AlarmBEventCallback
                0x08004678       0x14 ./Drivers/STM32F4xx_HAL_Driver/stm32f4xx_hal_rtc_ex.o
                0x08004678                HAL_RTCEx_AlarmBEventCallback
 .text.HAL_TIM_Base_Init
                0x0800468c       0x9e ./Drivers/STM32F4xx_HAL_Driver/stm32f4xx_hal_tim.o
                0x0800468c                HAL_TIM_Base_Init
 *fill*         0x0800472a        0x2 
 .text.HAL_TIM_Base_Start
                0x0800472c       0xb4 ./Drivers/STM32F4xx_HAL_Driver/stm32f4xx_hal_tim.o
                0x0800472c                HAL_TIM_Base_Start
 .text.HAL_TIM_IRQHandler
                0x080047e0      0x1e0 ./Drivers/STM32F4xx_HAL_Driver/stm32f4xx_hal_tim.o
                0x080047e0                HAL_TIM_IRQHandler
 .text.HAL_TIM_ConfigClockSource
                0x080049c0      0x18e ./Drivers/STM32F4xx_HAL_Driver/stm32f4xx_hal_tim.o
                0x080049c0                HAL_TIM_ConfigClockSource
 .text.HAL_TIM_PeriodElapsedCallback
                0x08004b4e       0x14 ./Drivers/STM32F4xx_HAL_Driver/stm32f4xx_hal_tim.o
                0x08004b4e                HAL_TIM_PeriodElapsedCallback
 .text.HAL_TIM_OC_DelayElapsedCallback
                0x08004b62       0x14 ./Drivers/STM32F4xx_HAL_Driver/stm32f4xx_hal_tim.o
                0x08004b62                HAL_TIM_OC_DelayElapsedCallback
 .text.HAL_TIM_IC_CaptureCallback
                0x08004b76       0x14 ./Drivers/STM32F4xx_HAL_Driver/stm32f4xx_hal_tim.o
                0x08004b76                HAL_TIM_IC_CaptureCallback
 .text.HAL_TIM_PWM_PulseFinishedCallback
                0x08004b8a       0x14 ./Drivers/STM32F4xx_HAL_Driver/stm32f4xx_hal_tim.o
                0x08004b8a                HAL_TIM_PWM_PulseFinishedCallback
 .text.HAL_TIM_TriggerCallback
                0x08004b9e       0x14 ./Drivers/STM32F4xx_HAL_Driver/stm32f4xx_hal_tim.o
                0x08004b9e                HAL_TIM_TriggerCallback
 *fill*         0x08004bb2        0x2 
 .text.TIM_Base_SetConfig
                0x08004bb4      0x10c ./Drivers/STM32F4xx_HAL_Driver/stm32f4xx_hal_tim.o
                0x08004bb4                TIM_Base_SetConfig
 .text.TIM_TI1_ConfigInputStage
                0x08004cc0       0x5e ./Drivers/STM32F4xx_HAL_Driver/stm32f4xx_hal_tim.o
 .text.TIM_TI2_ConfigInputStage
                0x08004d1e       0x60 ./Drivers/STM32F4xx_HAL_Driver/stm32f4xx_hal_tim.o
 .text.TIM_ITRx_SetConfig
                0x08004d7e       0x36 ./Drivers/STM32F4xx_HAL_Driver/stm32f4xx_hal_tim.o
 .text.TIM_ETR_SetConfig
                0x08004db4       0x40 ./Drivers/STM32F4xx_HAL_Driver/stm32f4xx_hal_tim.o
                0x08004db4                TIM_ETR_SetConfig
 .text.HAL_TIMEx_MasterConfigSynchronization
                0x08004df4       0xdc ./Drivers/STM32F4xx_HAL_Driver/stm32f4xx_hal_tim_ex.o
                0x08004df4                HAL_TIMEx_MasterConfigSynchronization
 .text.HAL_TIMEx_CommutCallback
                0x08004ed0       0x14 ./Drivers/STM32F4xx_HAL_Driver/stm32f4xx_hal_tim_ex.o
                0x08004ed0                HAL_TIMEx_CommutCallback
 .text.HAL_TIMEx_BreakCallback
                0x08004ee4       0x14 ./Drivers/STM32F4xx_HAL_Driver/stm32f4xx_hal_tim_ex.o
                0x08004ee4                HAL_TIMEx_BreakCallback
 .text.HAL_UART_Init
                0x08004ef8       0xa0 ./Drivers/STM32F4xx_HAL_Driver/stm32f4xx_hal_uart.o
                0x08004ef8                HAL_UART_Init
 .text.HAL_UART_IRQHandler
                0x08004f98      0x554 ./Drivers/STM32F4xx_HAL_Driver/stm32f4xx_hal_uart.o
                0x08004f98                HAL_UART_IRQHandler
 .text.HAL_UART_TxCpltCallback
                0x080054ec       0x14 ./Drivers/STM32F4xx_HAL_Driver/stm32f4xx_hal_uart.o
                0x080054ec                HAL_UART_TxCpltCallback
 .text.HAL_UART_RxCpltCallback
                0x08005500       0x14 ./Drivers/STM32F4xx_HAL_Driver/stm32f4xx_hal_uart.o
                0x08005500                HAL_UART_RxCpltCallback
 .text.HAL_UART_ErrorCallback
                0x08005514       0x14 ./Drivers/STM32F4xx_HAL_Driver/stm32f4xx_hal_uart.o
                0x08005514                HAL_UART_ErrorCallback
 .text.HAL_UARTEx_RxEventCallback
                0x08005528       0x18 ./Drivers/STM32F4xx_HAL_Driver/stm32f4xx_hal_uart.o
                0x08005528                HAL_UARTEx_RxEventCallback
 .text.UART_EndRxTransfer
                0x08005540       0xc6 ./Drivers/STM32F4xx_HAL_Driver/stm32f4xx_hal_uart.o
 .text.UART_DMAAbortOnError
                0x08005606       0x22 ./Drivers/STM32F4xx_HAL_Driver/stm32f4xx_hal_uart.o
 .text.UART_Transmit_IT
                0x08005628       0xa0 ./Drivers/STM32F4xx_HAL_Driver/stm32f4xx_hal_uart.o
 .text.UART_EndTransmit_IT
                0x080056c8       0x30 ./Drivers/STM32F4xx_HAL_Driver/stm32f4xx_hal_uart.o
 .text.UART_Receive_IT
                0x080056f8      0x17c ./Drivers/STM32F4xx_HAL_Driver/stm32f4xx_hal_uart.o
 .text.UART_SetConfig
                0x08005874      0x4e8 ./Drivers/STM32F4xx_HAL_Driver/stm32f4xx_hal_uart.o
 .text.__NVIC_SetPriority
                0x08005d5c       0x54 ./Middlewares/FreeRTOS/cmsis_os2.o
 .text.SVC_Setup
                0x08005db0       0x12 ./Middlewares/FreeRTOS/cmsis_os2.o
 *fill*         0x08005dc2        0x2 
 .text.osKernelInitialize
                0x08005dc4       0x48 ./Middlewares/FreeRTOS/cmsis_os2.o
                0x08005dc4                osKernelInitialize
 .text.osKernelStart
                0x08005e0c       0x4c ./Middlewares/FreeRTOS/cmsis_os2.o
                0x08005e0c                osKernelStart
 .text.osKernelGetTickCount
                0x08005e58       0x2a ./Middlewares/FreeRTOS/cmsis_os2.o
                0x08005e58                osKernelGetTickCount
 .text.osThreadNew
                0x08005e82      0x124 ./Middlewares/FreeRTOS/cmsis_os2.o
                0x08005e82                osThreadNew
 .text.osDelay  0x08005fa6       0x36 ./Middlewares/FreeRTOS/cmsis_os2.o
                0x08005fa6                osDelay
 .text.osMutexNew
                0x08005fdc      0x10c ./Middlewares/FreeRTOS/cmsis_os2.o
                0x08005fdc                osMutexNew
 .text.osMutexAcquire
                0x080060e8       0x96 ./Middlewares/FreeRTOS/cmsis_os2.o
                0x080060e8                osMutexAcquire
 .text.osMutexRelease
                0x0800617e       0x7a ./Middlewares/FreeRTOS/cmsis_os2.o
                0x0800617e                osMutexRelease
 .text.vApplicationGetIdleTaskMemory
                0x080061f8       0x34 ./Middlewares/FreeRTOS/cmsis_os2.o
                0x080061f8                vApplicationGetIdleTaskMemory
 .text.vApplicationGetTimerTaskMemory
                0x0800622c       0x34 ./Middlewares/FreeRTOS/cmsis_os2.o
                0x0800622c                vApplicationGetTimerTaskMemory
 .text.pvPortMalloc
                0x08006260      0x19c ./Middlewares/FreeRTOS/heap_4.o
                0x08006260                pvPortMalloc
 .text.vPortFree
                0x080063fc       0xc8 ./Middlewares/FreeRTOS/heap_4.o
                0x080063fc                vPortFree
 .text.prvHeapInit
                0x080064c4       0xc4 ./Middlewares/FreeRTOS/heap_4.o
 .text.prvInsertBlockIntoFreeList
                0x08006588       0xb4 ./Middlewares/FreeRTOS/heap_4.o
 .text.vListInitialise
                0x0800663c       0x40 ./Middlewares/FreeRTOS/list.o
                0x0800663c                vListInitialise
 .text.vListInitialiseItem
                0x0800667c       0x1a ./Middlewares/FreeRTOS/list.o
                0x0800667c                vListInitialiseItem
 .text.vListInsertEnd
                0x08006696       0x48 ./Middlewares/FreeRTOS/list.o
                0x08006696                vListInsertEnd
 .text.vListInsert
                0x080066de       0x72 ./Middlewares/FreeRTOS/list.o
                0x080066de                vListInsert
 .text.uxListRemove
                0x08006750       0x54 ./Middlewares/FreeRTOS/list.o
                0x08006750                uxListRemove
 .text.pxPortInitialiseStack
                0x080067a4       0x68 ./Middlewares/FreeRTOS/port.o
                0x080067a4                pxPortInitialiseStack
 .text.prvTaskExitError
                0x0800680c       0x5c ./Middlewares/FreeRTOS/port.o
 *fill*         0x08006868        0x8 
 .text.SVC_Handler
                0x08006870       0x28 ./Middlewares/FreeRTOS/port.o
                0x08006870                SVC_Handler
 .text.prvPortStartFirstTask
                0x08006898       0x28 ./Middlewares/FreeRTOS/port.o
 .text.xPortStartScheduler
                0x080068c0      0x148 ./Middlewares/FreeRTOS/port.o
                0x080068c0                xPortStartScheduler
 .text.vPortEnterCritical
                0x08006a08       0x64 ./Middlewares/FreeRTOS/port.o
                0x08006a08                vPortEnterCritical
 .text.vPortExitCritical
                0x08006a6c       0x54 ./Middlewares/FreeRTOS/port.o
                0x08006a6c                vPortExitCritical
 .text.PendSV_Handler
                0x08006ac0       0x68 ./Middlewares/FreeRTOS/port.o
                0x08006ac0                PendSV_Handler
 .text.xPortSysTickHandler
                0x08006b28       0x44 ./Middlewares/FreeRTOS/port.o
                0x08006b28                xPortSysTickHandler
 .text.vPortSetupTimerInterrupt
                0x08006b6c       0x48 ./Middlewares/FreeRTOS/port.o
                0x08006b6c                vPortSetupTimerInterrupt
 .text.vPortEnableVFP
                0x08006bb4       0x14 ./Middlewares/FreeRTOS/port.o
 .text.vPortValidateInterruptPriority
                0x08006bc8       0x84 ./Middlewares/FreeRTOS/port.o
                0x08006bc8                vPortValidateInterruptPriority
 .text.xQueueGenericReset
                0x08006c4c       0xd4 ./Middlewares/FreeRTOS/queue.o
                0x08006c4c                xQueueGenericReset
 .text.xQueueGenericCreateStatic
                0x08006d20       0xfa ./Middlewares/FreeRTOS/queue.o
                0x08006d20                xQueueGenericCreateStatic
 .text.xQueueGenericCreate
                0x08006e1a       0x76 ./Middlewares/FreeRTOS/queue.o
                0x08006e1a                xQueueGenericCreate
 .text.prvInitialiseNewQueue
                0x08006e90       0x46 ./Middlewares/FreeRTOS/queue.o
 .text.prvInitialiseMutex
                0x08006ed6       0x34 ./Middlewares/FreeRTOS/queue.o
 .text.xQueueCreateMutex
                0x08006f0a       0x30 ./Middlewares/FreeRTOS/queue.o
                0x08006f0a                xQueueCreateMutex
 .text.xQueueCreateMutexStatic
                0x08006f3a       0x36 ./Middlewares/FreeRTOS/queue.o
                0x08006f3a                xQueueCreateMutexStatic
 .text.xQueueGiveMutexRecursive
                0x08006f70       0x6a ./Middlewares/FreeRTOS/queue.o
                0x08006f70                xQueueGiveMutexRecursive
 .text.xQueueTakeMutexRecursive
                0x08006fda       0x6e ./Middlewares/FreeRTOS/queue.o
                0x08006fda                xQueueTakeMutexRecursive
 .text.xQueueGenericSend
                0x08007048      0x204 ./Middlewares/FreeRTOS/queue.o
                0x08007048                xQueueGenericSend
 .text.xQueueGenericSendFromISR
                0x0800724c      0x13c ./Middlewares/FreeRTOS/queue.o
                0x0800724c                xQueueGenericSendFromISR
 .text.xQueueReceive
                0x08007388      0x1c4 ./Middlewares/FreeRTOS/queue.o
                0x08007388                xQueueReceive
 .text.xQueueSemaphoreTake
                0x0800754c      0x220 ./Middlewares/FreeRTOS/queue.o
                0x0800754c                xQueueSemaphoreTake
 .text.prvGetDisinheritPriorityAfterTimeout
                0x0800776c       0x30 ./Middlewares/FreeRTOS/queue.o
 .text.prvCopyDataToQueue
                0x0800779c       0xd4 ./Middlewares/FreeRTOS/queue.o
 .text.prvCopyDataFromQueue
                0x08007870       0x4c ./Middlewares/FreeRTOS/queue.o
 .text.prvUnlockQueue
                0x080078bc       0xa4 ./Middlewares/FreeRTOS/queue.o
 .text.prvIsQueueEmpty
                0x08007960       0x2c ./Middlewares/FreeRTOS/queue.o
 .text.prvIsQueueFull
                0x0800798c       0x30 ./Middlewares/FreeRTOS/queue.o
 .text.vQueueAddToRegistry
                0x080079bc       0x54 ./Middlewares/FreeRTOS/queue.o
                0x080079bc                vQueueAddToRegistry
 .text.vQueueWaitForMessageRestricted
                0x08007a10       0x68 ./Middlewares/FreeRTOS/queue.o
                0x08007a10                vQueueWaitForMessageRestricted
 .text.xTaskCreateStatic
                0x08007a78       0xc0 ./Middlewares/FreeRTOS/tasks.o
                0x08007a78                xTaskCreateStatic
 .text.xTaskCreate
                0x08007b38       0x8a ./Middlewares/FreeRTOS/tasks.o
                0x08007b38                xTaskCreate
 *fill*         0x08007bc2        0x2 
 .text.prvInitialiseNewTask
                0x08007bc4      0x150 ./Middlewares/FreeRTOS/tasks.o
 .text.prvAddNewTaskToReadyList
                0x08007d14       0xe0 ./Middlewares/FreeRTOS/tasks.o
 .text.vTaskDelayUntil
                0x08007df4      0x100 ./Middlewares/FreeRTOS/tasks.o
                0x08007df4                vTaskDelayUntil
 .text.vTaskDelay
                0x08007ef4       0x6c ./Middlewares/FreeRTOS/tasks.o
                0x08007ef4                vTaskDelay
 .text.vTaskStartScheduler
                0x08007f60       0xe0 ./Middlewares/FreeRTOS/tasks.o
                0x08007f60                vTaskStartScheduler
 .text.vTaskSuspendAll
                0x08008040       0x1c ./Middlewares/FreeRTOS/tasks.o
                0x08008040                vTaskSuspendAll
 .text.xTaskResumeAll
                0x0800805c      0x13c ./Middlewares/FreeRTOS/tasks.o
                0x0800805c                xTaskResumeAll
 .text.xTaskGetTickCount
                0x08008198       0x20 ./Middlewares/FreeRTOS/tasks.o
                0x08008198                xTaskGetTickCount
 .text.xTaskGetTickCountFromISR
                0x080081b8       0x24 ./Middlewares/FreeRTOS/tasks.o
                0x080081b8                xTaskGetTickCountFromISR
 .text.xTaskIncrementTick
                0x080081dc      0x174 ./Middlewares/FreeRTOS/tasks.o
                0x080081dc                xTaskIncrementTick
 .text.vTaskSwitchContext
                0x08008350       0xcc ./Middlewares/FreeRTOS/tasks.o
                0x08008350                vTaskSwitchContext
 .text.vTaskPlaceOnEventList
                0x0800841c       0x4c ./Middlewares/FreeRTOS/tasks.o
                0x0800841c                vTaskPlaceOnEventList
 .text.vTaskPlaceOnEventListRestricted
                0x08008468       0x58 ./Middlewares/FreeRTOS/tasks.o
                0x08008468                vTaskPlaceOnEventListRestricted
 .text.xTaskRemoveFromEventList
                0x080084c0       0xc8 ./Middlewares/FreeRTOS/tasks.o
                0x080084c0                xTaskRemoveFromEventList
 .text.vTaskInternalSetTimeOutState
                0x08008588       0x2c ./Middlewares/FreeRTOS/tasks.o
                0x08008588                vTaskInternalSetTimeOutState
 .text.xTaskCheckForTimeOut
                0x080085b4       0xc8 ./Middlewares/FreeRTOS/tasks.o
                0x080085b4                xTaskCheckForTimeOut
 .text.vTaskMissedYield
                0x0800867c       0x18 ./Middlewares/FreeRTOS/tasks.o
                0x0800867c                vTaskMissedYield
 .text.prvIdleTask
                0x08008694       0x30 ./Middlewares/FreeRTOS/tasks.o
 .text.prvInitialiseTaskLists
                0x080086c4       0x80 ./Middlewares/FreeRTOS/tasks.o
 .text.prvCheckTasksWaitingTermination
                0x08008744       0x5c ./Middlewares/FreeRTOS/tasks.o
 .text.prvDeleteTCB
                0x080087a0       0x6a ./Middlewares/FreeRTOS/tasks.o
 *fill*         0x0800880a        0x2 
 .text.prvResetNextTaskUnblockTime
                0x0800880c       0x40 ./Middlewares/FreeRTOS/tasks.o
 .text.xTaskGetCurrentTaskHandle
                0x0800884c       0x20 ./Middlewares/FreeRTOS/tasks.o
                0x0800884c                xTaskGetCurrentTaskHandle
 .text.xTaskGetSchedulerState
                0x0800886c       0x3c ./Middlewares/FreeRTOS/tasks.o
                0x0800886c                xTaskGetSchedulerState
 .text.xTaskPriorityInherit
                0x080088a8       0xd0 ./Middlewares/FreeRTOS/tasks.o
                0x080088a8                xTaskPriorityInherit
 .text.xTaskPriorityDisinherit
                0x08008978       0xe0 ./Middlewares/FreeRTOS/tasks.o
                0x08008978                xTaskPriorityDisinherit
 .text.vTaskPriorityDisinheritAfterTimeout
                0x08008a58      0x108 ./Middlewares/FreeRTOS/tasks.o
                0x08008a58                vTaskPriorityDisinheritAfterTimeout
 .text.pvTaskIncrementMutexHeldCount
                0x08008b60       0x28 ./Middlewares/FreeRTOS/tasks.o
                0x08008b60                pvTaskIncrementMutexHeldCount
 .text.prvAddCurrentTaskToDelayedList
                0x08008b88       0xa8 ./Middlewares/FreeRTOS/tasks.o
 .text.xTimerCreateTimerTask
                0x08008c30       0x94 ./Middlewares/FreeRTOS/timers.o
                0x08008c30                xTimerCreateTimerTask
 .text.xTimerGenericCommand
                0x08008cc4       0x9c ./Middlewares/FreeRTOS/timers.o
                0x08008cc4                xTimerGenericCommand
 .text.prvProcessExpiredTimer
                0x08008d60       0x9c ./Middlewares/FreeRTOS/timers.o
 .text.prvTimerTask
                0x08008dfc       0x26 ./Middlewares/FreeRTOS/timers.o
 *fill*         0x08008e22        0x2 
 .text.prvProcessTimerOrBlockTask
                0x08008e24       0x9c ./Middlewares/FreeRTOS/timers.o
 .text.prvGetNextExpireTime
                0x08008ec0       0x48 ./Middlewares/FreeRTOS/timers.o
 .text.prvSampleTimeNow
                0x08008f08       0x40 ./Middlewares/FreeRTOS/timers.o
 .text.prvInsertTimerInActiveList
                0x08008f48       0x84 ./Middlewares/FreeRTOS/timers.o
 .text.prvProcessReceivedCommands
                0x08008fcc      0x1cc ./Middlewares/FreeRTOS/timers.o
 .text.prvSwitchTimerLists
                0x08009198       0xcc ./Middlewares/FreeRTOS/timers.o
 .text.prvCheckForValidListAndQueue
                0x08009264       0x80 ./Middlewares/FreeRTOS/timers.o
 .text.atoi     0x080092e4        0x8 C:/ST/STM32CubeIDE_1.19.0/STM32CubeIDE/plugins/com.st.stm32cube.ide.mcu.externaltools.gnu-tools-for-stm32.13.3.rel1.win32_1.0.0.202411081344/tools/bin/../lib/gcc/arm-none-eabi/13.3.1/../../../../arm-none-eabi/lib/thumb/v7e-m+fp/hard\libc_nano.a(libc_a-atoi.o)
                0x080092e4                atoi
 .text._strtol_l.isra.0
                0x080092ec       0xf4 C:/ST/STM32CubeIDE_1.19.0/STM32CubeIDE/plugins/com.st.stm32cube.ide.mcu.externaltools.gnu-tools-for-stm32.13.3.rel1.win32_1.0.0.202411081344/tools/bin/../lib/gcc/arm-none-eabi/13.3.1/../../../../arm-none-eabi/lib/thumb/v7e-m+fp/hard\libc_nano.a(libc_a-strtol.o)
 .text.strtol   0x080093e0       0x14 C:/ST/STM32CubeIDE_1.19.0/STM32CubeIDE/plugins/com.st.stm32cube.ide.mcu.externaltools.gnu-tools-for-stm32.13.3.rel1.win32_1.0.0.202411081344/tools/bin/../lib/gcc/arm-none-eabi/13.3.1/../../../../arm-none-eabi/lib/thumb/v7e-m+fp/hard\libc_nano.a(libc_a-strtol.o)
                0x080093e0                strtol
 .text.std      0x080093f4       0x6c C:/ST/STM32CubeIDE_1.19.0/STM32CubeIDE/plugins/com.st.stm32cube.ide.mcu.externaltools.gnu-tools-for-stm32.13.3.rel1.win32_1.0.0.202411081344/tools/bin/../lib/gcc/arm-none-eabi/13.3.1/../../../../arm-none-eabi/lib/thumb/v7e-m+fp/hard\libc_nano.a(libc_a-findfp.o)
 .text.stdio_exit_handler
                0x08009460       0x18 C:/ST/STM32CubeIDE_1.19.0/STM32CubeIDE/plugins/com.st.stm32cube.ide.mcu.externaltools.gnu-tools-for-stm32.13.3.rel1.win32_1.0.0.202411081344/tools/bin/../lib/gcc/arm-none-eabi/13.3.1/../../../../arm-none-eabi/lib/thumb/v7e-m+fp/hard\libc_nano.a(libc_a-findfp.o)
 .text.cleanup_stdio
                0x08009478       0x40 C:/ST/STM32CubeIDE_1.19.0/STM32CubeIDE/plugins/com.st.stm32cube.ide.mcu.externaltools.gnu-tools-for-stm32.13.3.rel1.win32_1.0.0.202411081344/tools/bin/../lib/gcc/arm-none-eabi/13.3.1/../../../../arm-none-eabi/lib/thumb/v7e-m+fp/hard\libc_nano.a(libc_a-findfp.o)
 .text.global_stdio_init.part.0
                0x080094b8       0x3c C:/ST/STM32CubeIDE_1.19.0/STM32CubeIDE/plugins/com.st.stm32cube.ide.mcu.externaltools.gnu-tools-for-stm32.13.3.rel1.win32_1.0.0.202411081344/tools/bin/../lib/gcc/arm-none-eabi/13.3.1/../../../../arm-none-eabi/lib/thumb/v7e-m+fp/hard\libc_nano.a(libc_a-findfp.o)
 .text.__sfp_lock_acquire
                0x080094f4        0xc C:/ST/STM32CubeIDE_1.19.0/STM32CubeIDE/plugins/com.st.stm32cube.ide.mcu.externaltools.gnu-tools-for-stm32.13.3.rel1.win32_1.0.0.202411081344/tools/bin/../lib/gcc/arm-none-eabi/13.3.1/../../../../arm-none-eabi/lib/thumb/v7e-m+fp/hard\libc_nano.a(libc_a-findfp.o)
                0x080094f4                __sfp_lock_acquire
 .text.__sfp_lock_release
                0x08009500        0xc C:/ST/STM32CubeIDE_1.19.0/STM32CubeIDE/plugins/com.st.stm32cube.ide.mcu.externaltools.gnu-tools-for-stm32.13.3.rel1.win32_1.0.0.202411081344/tools/bin/../lib/gcc/arm-none-eabi/13.3.1/../../../../arm-none-eabi/lib/thumb/v7e-m+fp/hard\libc_nano.a(libc_a-findfp.o)
                0x08009500                __sfp_lock_release
 .text.__sinit  0x0800950c       0x30 C:/ST/STM32CubeIDE_1.19.0/STM32CubeIDE/plugins/com.st.stm32cube.ide.mcu.externaltools.gnu-tools-for-stm32.13.3.rel1.win32_1.0.0.202411081344/tools/bin/../lib/gcc/arm-none-eabi/13.3.1/../../../../arm-none-eabi/lib/thumb/v7e-m+fp/hard\libc_nano.a(libc_a-findfp.o)
                0x0800950c                __sinit
 .text._fwalk_sglue
                0x0800953c       0x3c C:/ST/STM32CubeIDE_1.19.0/STM32CubeIDE/plugins/com.st.stm32cube.ide.mcu.externaltools.gnu-tools-for-stm32.13.3.rel1.win32_1.0.0.202411081344/tools/bin/../lib/gcc/arm-none-eabi/13.3.1/../../../../arm-none-eabi/lib/thumb/v7e-m+fp/hard\libc_nano.a(libc_a-fwalk.o)
                0x0800953c                _fwalk_sglue
 .text.snprintf
                0x08009578       0x6c C:/ST/STM32CubeIDE_1.19.0/STM32CubeIDE/plugins/com.st.stm32cube.ide.mcu.externaltools.gnu-tools-for-stm32.13.3.rel1.win32_1.0.0.202411081344/tools/bin/../lib/gcc/arm-none-eabi/13.3.1/../../../../arm-none-eabi/lib/thumb/v7e-m+fp/hard\libc_nano.a(libc_a-snprintf.o)
                0x08009578                sniprintf
                0x08009578                snprintf
 .text.sprintf  0x080095e4       0x44 C:/ST/STM32CubeIDE_1.19.0/STM32CubeIDE/plugins/com.st.stm32cube.ide.mcu.externaltools.gnu-tools-for-stm32.13.3.rel1.win32_1.0.0.202411081344/tools/bin/../lib/gcc/arm-none-eabi/13.3.1/../../../../arm-none-eabi/lib/thumb/v7e-m+fp/hard\libc_nano.a(libc_a-sprintf.o)
                0x080095e4                siprintf
                0x080095e4                sprintf
 .text.__sread  0x08009628       0x22 C:/ST/STM32CubeIDE_1.19.0/STM32CubeIDE/plugins/com.st.stm32cube.ide.mcu.externaltools.gnu-tools-for-stm32.13.3.rel1.win32_1.0.0.202411081344/tools/bin/../lib/gcc/arm-none-eabi/13.3.1/../../../../arm-none-eabi/lib/thumb/v7e-m+fp/hard\libc_nano.a(libc_a-stdio.o)
                0x08009628                __sread
 .text.__swrite
                0x0800964a       0x38 C:/ST/STM32CubeIDE_1.19.0/STM32CubeIDE/plugins/com.st.stm32cube.ide.mcu.externaltools.gnu-tools-for-stm32.13.3.rel1.win32_1.0.0.202411081344/tools/bin/../lib/gcc/arm-none-eabi/13.3.1/../../../../arm-none-eabi/lib/thumb/v7e-m+fp/hard\libc_nano.a(libc_a-stdio.o)
                0x0800964a                __swrite
 .text.__sseek  0x08009682       0x24 C:/ST/STM32CubeIDE_1.19.0/STM32CubeIDE/plugins/com.st.stm32cube.ide.mcu.externaltools.gnu-tools-for-stm32.13.3.rel1.win32_1.0.0.202411081344/tools/bin/../lib/gcc/arm-none-eabi/13.3.1/../../../../arm-none-eabi/lib/thumb/v7e-m+fp/hard\libc_nano.a(libc_a-stdio.o)
                0x08009682                __sseek
 .text.__sclose
                0x080096a6        0x8 C:/ST/STM32CubeIDE_1.19.0/STM32CubeIDE/plugins/com.st.stm32cube.ide.mcu.externaltools.gnu-tools-for-stm32.13.3.rel1.win32_1.0.0.202411081344/tools/bin/../lib/gcc/arm-none-eabi/13.3.1/../../../../arm-none-eabi/lib/thumb/v7e-m+fp/hard\libc_nano.a(libc_a-stdio.o)
                0x080096a6                __sclose
 .text.memset   0x080096ae       0x10 C:/ST/STM32CubeIDE_1.19.0/STM32CubeIDE/plugins/com.st.stm32cube.ide.mcu.externaltools.gnu-tools-for-stm32.13.3.rel1.win32_1.0.0.202411081344/tools/bin/../lib/gcc/arm-none-eabi/13.3.1/../../../../arm-none-eabi/lib/thumb/v7e-m+fp/hard\libc_nano.a(libc_a-memset.o)
                0x080096ae                memset
 .text.strncmp  0x080096be       0x24 C:/ST/STM32CubeIDE_1.19.0/STM32CubeIDE/plugins/com.st.stm32cube.ide.mcu.externaltools.gnu-tools-for-stm32.13.3.rel1.win32_1.0.0.202411081344/tools/bin/../lib/gcc/arm-none-eabi/13.3.1/../../../../arm-none-eabi/lib/thumb/v7e-m+fp/hard\libc_nano.a(libc_a-strncmp.o)
                0x080096be                strncmp
 *fill*         0x080096e2        0x2 
 .text.strtok   0x080096e4       0x68 C:/ST/STM32CubeIDE_1.19.0/STM32CubeIDE/plugins/com.st.stm32cube.ide.mcu.externaltools.gnu-tools-for-stm32.13.3.rel1.win32_1.0.0.202411081344/tools/bin/../lib/gcc/arm-none-eabi/13.3.1/../../../../arm-none-eabi/lib/thumb/v7e-m+fp/hard\libc_nano.a(libc_a-strtok.o)
                0x080096e4                strtok
 .text.__strtok_r
                0x0800974c       0x50 C:/ST/STM32CubeIDE_1.19.0/STM32CubeIDE/plugins/com.st.stm32cube.ide.mcu.externaltools.gnu-tools-for-stm32.13.3.rel1.win32_1.0.0.202411081344/tools/bin/../lib/gcc/arm-none-eabi/13.3.1/../../../../arm-none-eabi/lib/thumb/v7e-m+fp/hard\libc_nano.a(libc_a-strtok_r.o)
                0x0800974c                __strtok_r
 .text._close_r
                0x0800979c       0x20 C:/ST/STM32CubeIDE_1.19.0/STM32CubeIDE/plugins/com.st.stm32cube.ide.mcu.externaltools.gnu-tools-for-stm32.13.3.rel1.win32_1.0.0.202411081344/tools/bin/../lib/gcc/arm-none-eabi/13.3.1/../../../../arm-none-eabi/lib/thumb/v7e-m+fp/hard\libc_nano.a(libc_a-closer.o)
                0x0800979c                _close_r
 .text._reclaim_reent
                0x080097bc       0xbc C:/ST/STM32CubeIDE_1.19.0/STM32CubeIDE/plugins/com.st.stm32cube.ide.mcu.externaltools.gnu-tools-for-stm32.13.3.rel1.win32_1.0.0.202411081344/tools/bin/../lib/gcc/arm-none-eabi/13.3.1/../../../../arm-none-eabi/lib/thumb/v7e-m+fp/hard\libc_nano.a(libc_a-reent.o)
                0x080097bc                _reclaim_reent
 .text._lseek_r
                0x08009878       0x24 C:/ST/STM32CubeIDE_1.19.0/STM32CubeIDE/plugins/com.st.stm32cube.ide.mcu.externaltools.gnu-tools-for-stm32.13.3.rel1.win32_1.0.0.202411081344/tools/bin/../lib/gcc/arm-none-eabi/13.3.1/../../../../arm-none-eabi/lib/thumb/v7e-m+fp/hard\libc_nano.a(libc_a-lseekr.o)
                0x08009878                _lseek_r
 .text._read_r  0x0800989c       0x24 C:/ST/STM32CubeIDE_1.19.0/STM32CubeIDE/plugins/com.st.stm32cube.ide.mcu.externaltools.gnu-tools-for-stm32.13.3.rel1.win32_1.0.0.202411081344/tools/bin/../lib/gcc/arm-none-eabi/13.3.1/../../../../arm-none-eabi/lib/thumb/v7e-m+fp/hard\libc_nano.a(libc_a-readr.o)
                0x0800989c                _read_r
 .text._write_r
                0x080098c0       0x24 C:/ST/STM32CubeIDE_1.19.0/STM32CubeIDE/plugins/com.st.stm32cube.ide.mcu.externaltools.gnu-tools-for-stm32.13.3.rel1.win32_1.0.0.202411081344/tools/bin/../lib/gcc/arm-none-eabi/13.3.1/../../../../arm-none-eabi/lib/thumb/v7e-m+fp/hard\libc_nano.a(libc_a-writer.o)
                0x080098c0                _write_r
 .text.__errno  0x080098e4        0xc C:/ST/STM32CubeIDE_1.19.0/STM32CubeIDE/plugins/com.st.stm32cube.ide.mcu.externaltools.gnu-tools-for-stm32.13.3.rel1.win32_1.0.0.202411081344/tools/bin/../lib/gcc/arm-none-eabi/13.3.1/../../../../arm-none-eabi/lib/thumb/v7e-m+fp/hard\libc_nano.a(libc_a-errno.o)
                0x080098e4                __errno
 .text.__libc_init_array
                0x080098f0       0x48 C:/ST/STM32CubeIDE_1.19.0/STM32CubeIDE/plugins/com.st.stm32cube.ide.mcu.externaltools.gnu-tools-for-stm32.13.3.rel1.win32_1.0.0.202411081344/tools/bin/../lib/gcc/arm-none-eabi/13.3.1/../../../../arm-none-eabi/lib/thumb/v7e-m+fp/hard\libc_nano.a(libc_a-init.o)
                0x080098f0                __libc_init_array
 .text.__retarget_lock_init_recursive
                0x08009938        0x2 C:/ST/STM32CubeIDE_1.19.0/STM32CubeIDE/plugins/com.st.stm32cube.ide.mcu.externaltools.gnu-tools-for-stm32.13.3.rel1.win32_1.0.0.202411081344/tools/bin/../lib/gcc/arm-none-eabi/13.3.1/../../../../arm-none-eabi/lib/thumb/v7e-m+fp/hard\libc_nano.a(libc_a-lock.o)
                0x08009938                __retarget_lock_init_recursive
 .text.__retarget_lock_acquire_recursive
                0x0800993a        0x2 C:/ST/STM32CubeIDE_1.19.0/STM32CubeIDE/plugins/com.st.stm32cube.ide.mcu.externaltools.gnu-tools-for-stm32.13.3.rel1.win32_1.0.0.202411081344/tools/bin/../lib/gcc/arm-none-eabi/13.3.1/../../../../arm-none-eabi/lib/thumb/v7e-m+fp/hard\libc_nano.a(libc_a-lock.o)
                0x0800993a                __retarget_lock_acquire_recursive
 .text.__retarget_lock_release_recursive
                0x0800993c        0x2 C:/ST/STM32CubeIDE_1.19.0/STM32CubeIDE/plugins/com.st.stm32cube.ide.mcu.externaltools.gnu-tools-for-stm32.13.3.rel1.win32_1.0.0.202411081344/tools/bin/../lib/gcc/arm-none-eabi/13.3.1/../../../../arm-none-eabi/lib/thumb/v7e-m+fp/hard\libc_nano.a(libc_a-lock.o)
                0x0800993c                __retarget_lock_release_recursive
 .text.memcpy   0x0800993e       0x1c C:/ST/STM32CubeIDE_1.19.0/STM32CubeIDE/plugins/com.st.stm32cube.ide.mcu.externaltools.gnu-tools-for-stm32.13.3.rel1.win32_1.0.0.202411081344/tools/bin/../lib/gcc/arm-none-eabi/13.3.1/../../../../arm-none-eabi/lib/thumb/v7e-m+fp/hard\libc_nano.a(libc_a-memcpy-stub.o)
                0x0800993e                memcpy
 *fill*         0x0800995a        0x2 
 .text.__assert_func
                0x0800995c       0x3c C:/ST/STM32CubeIDE_1.19.0/STM32CubeIDE/plugins/com.st.stm32cube.ide.mcu.externaltools.gnu-tools-for-stm32.13.3.rel1.win32_1.0.0.202411081344/tools/bin/../lib/gcc/arm-none-eabi/13.3.1/../../../../arm-none-eabi/lib/thumb/v7e-m+fp/hard\libc_nano.a(libc_a-assert.o)
                0x0800995c                __assert_func
 .text._free_r  0x08009998       0x94 C:/ST/STM32CubeIDE_1.19.0/STM32CubeIDE/plugins/com.st.stm32cube.ide.mcu.externaltools.gnu-tools-for-stm32.13.3.rel1.win32_1.0.0.202411081344/tools/bin/../lib/gcc/arm-none-eabi/13.3.1/../../../../arm-none-eabi/lib/thumb/v7e-m+fp/hard\libc_nano.a(libc_a-freer.o)
                0x08009998                _free_r
 .text.malloc   0x08009a2c       0x10 C:/ST/STM32CubeIDE_1.19.0/STM32CubeIDE/plugins/com.st.stm32cube.ide.mcu.externaltools.gnu-tools-for-stm32.13.3.rel1.win32_1.0.0.202411081344/tools/bin/../lib/gcc/arm-none-eabi/13.3.1/../../../../arm-none-eabi/lib/thumb/v7e-m+fp/hard\libc_nano.a(libc_a-malloc.o)
                0x08009a2c                malloc
 .text.sbrk_aligned
                0x08009a3c       0x44 C:/ST/STM32CubeIDE_1.19.0/STM32CubeIDE/plugins/com.st.stm32cube.ide.mcu.externaltools.gnu-tools-for-stm32.13.3.rel1.win32_1.0.0.202411081344/tools/bin/../lib/gcc/arm-none-eabi/13.3.1/../../../../arm-none-eabi/lib/thumb/v7e-m+fp/hard\libc_nano.a(libc_a-mallocr.o)
 .text._malloc_r
                0x08009a80      0x100 C:/ST/STM32CubeIDE_1.19.0/STM32CubeIDE/plugins/com.st.stm32cube.ide.mcu.externaltools.gnu-tools-for-stm32.13.3.rel1.win32_1.0.0.202411081344/tools/bin/../lib/gcc/arm-none-eabi/13.3.1/../../../../arm-none-eabi/lib/thumb/v7e-m+fp/hard\libc_nano.a(libc_a-mallocr.o)
                0x08009a80                _malloc_r
 .text.__malloc_lock
                0x08009b80        0xc C:/ST/STM32CubeIDE_1.19.0/STM32CubeIDE/plugins/com.st.stm32cube.ide.mcu.externaltools.gnu-tools-for-stm32.13.3.rel1.win32_1.0.0.202411081344/tools/bin/../lib/gcc/arm-none-eabi/13.3.1/../../../../arm-none-eabi/lib/thumb/v7e-m+fp/hard\libc_nano.a(libc_a-mlock.o)
                0x08009b80                __malloc_lock
 .text.__malloc_unlock
                0x08009b8c        0xc C:/ST/STM32CubeIDE_1.19.0/STM32CubeIDE/plugins/com.st.stm32cube.ide.mcu.externaltools.gnu-tools-for-stm32.13.3.rel1.win32_1.0.0.202411081344/tools/bin/../lib/gcc/arm-none-eabi/13.3.1/../../../../arm-none-eabi/lib/thumb/v7e-m+fp/hard\libc_nano.a(libc_a-mlock.o)
                0x08009b8c                __malloc_unlock
 .text.__ssputs_r
                0x08009b98       0xb6 C:/ST/STM32CubeIDE_1.19.0/STM32CubeIDE/plugins/com.st.stm32cube.ide.mcu.externaltools.gnu-tools-for-stm32.13.3.rel1.win32_1.0.0.202411081344/tools/bin/../lib/gcc/arm-none-eabi/13.3.1/../../../../arm-none-eabi/lib/thumb/v7e-m+fp/hard\libc_nano.a(libc_a-nano-svfprintf.o)
                0x08009b98                __ssputs_r
 *fill*         0x08009c4e        0x2 
 .text._svfprintf_r
                0x08009c50      0x1f8 C:/ST/STM32CubeIDE_1.19.0/STM32CubeIDE/plugins/com.st.stm32cube.ide.mcu.externaltools.gnu-tools-for-stm32.13.3.rel1.win32_1.0.0.202411081344/tools/bin/../lib/gcc/arm-none-eabi/13.3.1/../../../../arm-none-eabi/lib/thumb/v7e-m+fp/hard\libc_nano.a(libc_a-nano-svfprintf.o)
                0x08009c50                _svfiprintf_r
                0x08009c50                _svfprintf_r
 .text._printf_common
                0x08009e48       0xda C:/ST/STM32CubeIDE_1.19.0/STM32CubeIDE/plugins/com.st.stm32cube.ide.mcu.externaltools.gnu-tools-for-stm32.13.3.rel1.win32_1.0.0.202411081344/tools/bin/../lib/gcc/arm-none-eabi/13.3.1/../../../../arm-none-eabi/lib/thumb/v7e-m+fp/hard\libc_nano.a(libc_a-nano-vfprintf_i.o)
                0x08009e48                _printf_common
 *fill*         0x08009f22        0x2 
 .text._printf_i
                0x08009f24      0x23c C:/ST/STM32CubeIDE_1.19.0/STM32CubeIDE/plugins/com.st.stm32cube.ide.mcu.externaltools.gnu-tools-for-stm32.13.3.rel1.win32_1.0.0.202411081344/tools/bin/../lib/gcc/arm-none-eabi/13.3.1/../../../../arm-none-eabi/lib/thumb/v7e-m+fp/hard\libc_nano.a(libc_a-nano-vfprintf_i.o)
                0x08009f24                _printf_i
 .text.__sflush_r
                0x0800a160      0x108 C:/ST/STM32CubeIDE_1.19.0/STM32CubeIDE/plugins/com.st.stm32cube.ide.mcu.externaltools.gnu-tools-for-stm32.13.3.rel1.win32_1.0.0.202411081344/tools/bin/../lib/gcc/arm-none-eabi/13.3.1/../../../../arm-none-eabi/lib/thumb/v7e-m+fp/hard\libc_nano.a(libc_a-fflush.o)
                0x0800a160                __sflush_r
 .text._fflush_r
                0x0800a268       0x50 C:/ST/STM32CubeIDE_1.19.0/STM32CubeIDE/plugins/com.st.stm32cube.ide.mcu.externaltools.gnu-tools-for-stm32.13.3.rel1.win32_1.0.0.202411081344/tools/bin/../lib/gcc/arm-none-eabi/13.3.1/../../../../arm-none-eabi/lib/thumb/v7e-m+fp/hard\libc_nano.a(libc_a-fflush.o)
                0x0800a268                _fflush_r
 .text.fprintf  0x0800a2b8       0x24 C:/ST/STM32CubeIDE_1.19.0/STM32CubeIDE/plugins/com.st.stm32cube.ide.mcu.externaltools.gnu-tools-for-stm32.13.3.rel1.win32_1.0.0.202411081344/tools/bin/../lib/gcc/arm-none-eabi/13.3.1/../../../../arm-none-eabi/lib/thumb/v7e-m+fp/hard\libc_nano.a(libc_a-fprintf.o)
                0x0800a2b8                fiprintf
                0x0800a2b8                fprintf
 .text.memmove  0x0800a2dc       0x34 C:/ST/STM32CubeIDE_1.19.0/STM32CubeIDE/plugins/com.st.stm32cube.ide.mcu.externaltools.gnu-tools-for-stm32.13.3.rel1.win32_1.0.0.202411081344/tools/bin/../lib/gcc/arm-none-eabi/13.3.1/../../../../arm-none-eabi/lib/thumb/v7e-m+fp/hard\libc_nano.a(libc_a-memmove.o)
                0x0800a2dc                memmove
 .text._sbrk_r  0x0800a310       0x20 C:/ST/STM32CubeIDE_1.19.0/STM32CubeIDE/plugins/com.st.stm32cube.ide.mcu.externaltools.gnu-tools-for-stm32.13.3.rel1.win32_1.0.0.202411081344/tools/bin/../lib/gcc/arm-none-eabi/13.3.1/../../../../arm-none-eabi/lib/thumb/v7e-m+fp/hard\libc_nano.a(libc_a-sbrkr.o)
                0x0800a310                _sbrk_r
 .text.abort    0x0800a330        0xe C:/ST/STM32CubeIDE_1.19.0/STM32CubeIDE/plugins/com.st.stm32cube.ide.mcu.externaltools.gnu-tools-for-stm32.13.3.rel1.win32_1.0.0.202411081344/tools/bin/../lib/gcc/arm-none-eabi/13.3.1/../../../../arm-none-eabi/lib/thumb/v7e-m+fp/hard\libc_nano.a(libc_a-abort.o)
                0x0800a330                abort
 .text._realloc_r
                0x0800a33e       0x5c C:/ST/STM32CubeIDE_1.19.0/STM32CubeIDE/plugins/com.st.stm32cube.ide.mcu.externaltools.gnu-tools-for-stm32.13.3.rel1.win32_1.0.0.202411081344/tools/bin/../lib/gcc/arm-none-eabi/13.3.1/../../../../arm-none-eabi/lib/thumb/v7e-m+fp/hard\libc_nano.a(libc_a-reallocr.o)
                0x0800a33e                _realloc_r
 .text.__sfputc_r
                0x0800a39a       0x2e C:/ST/STM32CubeIDE_1.19.0/STM32CubeIDE/plugins/com.st.stm32cube.ide.mcu.externaltools.gnu-tools-for-stm32.13.3.rel1.win32_1.0.0.202411081344/tools/bin/../lib/gcc/arm-none-eabi/13.3.1/../../../../arm-none-eabi/lib/thumb/v7e-m+fp/hard\libc_nano.a(libc_a-nano-vfprintf.o)
 .text.__sfputs_r
                0x0800a3c8       0x24 C:/ST/STM32CubeIDE_1.19.0/STM32CubeIDE/plugins/com.st.stm32cube.ide.mcu.externaltools.gnu-tools-for-stm32.13.3.rel1.win32_1.0.0.202411081344/tools/bin/../lib/gcc/arm-none-eabi/13.3.1/../../../../arm-none-eabi/lib/thumb/v7e-m+fp/hard\libc_nano.a(libc_a-nano-vfprintf.o)
                0x0800a3c8                __sfputs_r
 .text._vfprintf_r
                0x0800a3ec      0x230 C:/ST/STM32CubeIDE_1.19.0/STM32CubeIDE/plugins/com.st.stm32cube.ide.mcu.externaltools.gnu-tools-for-stm32.13.3.rel1.win32_1.0.0.202411081344/tools/bin/../lib/gcc/arm-none-eabi/13.3.1/../../../../arm-none-eabi/lib/thumb/v7e-m+fp/hard\libc_nano.a(libc_a-nano-vfprintf.o)
                0x0800a3ec                _vfprintf_r
                0x0800a3ec                _vfiprintf_r
 .text.__swbuf_r
                0x0800a61c       0x7c C:/ST/STM32CubeIDE_1.19.0/STM32CubeIDE/plugins/com.st.stm32cube.ide.mcu.externaltools.gnu-tools-for-stm32.13.3.rel1.win32_1.0.0.202411081344/tools/bin/../lib/gcc/arm-none-eabi/13.3.1/../../../../arm-none-eabi/lib/thumb/v7e-m+fp/hard\libc_nano.a(libc_a-wbuf.o)
                0x0800a61c                __swbuf_r
 .text.__swsetup_r
                0x0800a698       0xac C:/ST/STM32CubeIDE_1.19.0/STM32CubeIDE/plugins/com.st.stm32cube.ide.mcu.externaltools.gnu-tools-for-stm32.13.3.rel1.win32_1.0.0.202411081344/tools/bin/../lib/gcc/arm-none-eabi/13.3.1/../../../../arm-none-eabi/lib/thumb/v7e-m+fp/hard\libc_nano.a(libc_a-wsetup.o)
                0x0800a698                __swsetup_r
 .text._raise_r
                0x0800a744       0x50 C:/ST/STM32CubeIDE_1.19.0/STM32CubeIDE/plugins/com.st.stm32cube.ide.mcu.externaltools.gnu-tools-for-stm32.13.3.rel1.win32_1.0.0.202411081344/tools/bin/../lib/gcc/arm-none-eabi/13.3.1/../../../../arm-none-eabi/lib/thumb/v7e-m+fp/hard\libc_nano.a(libc_a-signal.o)
                0x0800a744                _raise_r
 .text.raise    0x0800a794       0x10 C:/ST/STM32CubeIDE_1.19.0/STM32CubeIDE/plugins/com.st.stm32cube.ide.mcu.externaltools.gnu-tools-for-stm32.13.3.rel1.win32_1.0.0.202411081344/tools/bin/../lib/gcc/arm-none-eabi/13.3.1/../../../../arm-none-eabi/lib/thumb/v7e-m+fp/hard\libc_nano.a(libc_a-signal.o)
                0x0800a794                raise
 .text._kill_r  0x0800a7a4       0x24 C:/ST/STM32CubeIDE_1.19.0/STM32CubeIDE/plugins/com.st.stm32cube.ide.mcu.externaltools.gnu-tools-for-stm32.13.3.rel1.win32_1.0.0.202411081344/tools/bin/../lib/gcc/arm-none-eabi/13.3.1/../../../../arm-none-eabi/lib/thumb/v7e-m+fp/hard\libc_nano.a(libc_a-signalr.o)
                0x0800a7a4                _kill_r
 .text._getpid_r
                0x0800a7c8        0x4 C:/ST/STM32CubeIDE_1.19.0/STM32CubeIDE/plugins/com.st.stm32cube.ide.mcu.externaltools.gnu-tools-for-stm32.13.3.rel1.win32_1.0.0.202411081344/tools/bin/../lib/gcc/arm-none-eabi/13.3.1/../../../../arm-none-eabi/lib/thumb/v7e-m+fp/hard\libc_nano.a(libc_a-signalr.o)
                0x0800a7c8                _getpid_r
 .text._malloc_usable_size_r
                0x0800a7cc       0x10 C:/ST/STM32CubeIDE_1.19.0/STM32CubeIDE/plugins/com.st.stm32cube.ide.mcu.externaltools.gnu-tools-for-stm32.13.3.rel1.win32_1.0.0.202411081344/tools/bin/../lib/gcc/arm-none-eabi/13.3.1/../../../../arm-none-eabi/lib/thumb/v7e-m+fp/hard\libc_nano.a(libc_a-msizer.o)
                0x0800a7cc                _malloc_usable_size_r
 .text.__swhatbuf_r
                0x0800a7dc       0x4c C:/ST/STM32CubeIDE_1.19.0/STM32CubeIDE/plugins/com.st.stm32cube.ide.mcu.externaltools.gnu-tools-for-stm32.13.3.rel1.win32_1.0.0.202411081344/tools/bin/../lib/gcc/arm-none-eabi/13.3.1/../../../../arm-none-eabi/lib/thumb/v7e-m+fp/hard\libc_nano.a(libc_a-makebuf.o)
                0x0800a7dc                __swhatbuf_r
 .text.__smakebuf_r
                0x0800a828       0x78 C:/ST/STM32CubeIDE_1.19.0/STM32CubeIDE/plugins/com.st.stm32cube.ide.mcu.externaltools.gnu-tools-for-stm32.13.3.rel1.win32_1.0.0.202411081344/tools/bin/../lib/gcc/arm-none-eabi/13.3.1/../../../../arm-none-eabi/lib/thumb/v7e-m+fp/hard\libc_nano.a(libc_a-makebuf.o)
                0x0800a828                __smakebuf_r
 .text._fstat_r
                0x0800a8a0       0x24 C:/ST/STM32CubeIDE_1.19.0/STM32CubeIDE/plugins/com.st.stm32cube.ide.mcu.externaltools.gnu-tools-for-stm32.13.3.rel1.win32_1.0.0.202411081344/tools/bin/../lib/gcc/arm-none-eabi/13.3.1/../../../../arm-none-eabi/lib/thumb/v7e-m+fp/hard\libc_nano.a(libc_a-fstatr.o)
                0x0800a8a0                _fstat_r
 .text._isatty_r
                0x0800a8c4       0x20 C:/ST/STM32CubeIDE_1.19.0/STM32CubeIDE/plugins/com.st.stm32cube.ide.mcu.externaltools.gnu-tools-for-stm32.13.3.rel1.win32_1.0.0.202411081344/tools/bin/../lib/gcc/arm-none-eabi/13.3.1/../../../../arm-none-eabi/lib/thumb/v7e-m+fp/hard\libc_nano.a(libc_a-isattyr.o)
                0x0800a8c4                _isatty_r
 *(.glue_7)
 .glue_7        0x0800a8e4        0x0 linker stubs
 *(.glue_7t)
 .glue_7t       0x0800a8e4        0x0 linker stubs
 *(.eh_frame)
 .eh_frame      0x0800a8e4        0x0 C:/ST/STM32CubeIDE_1.19.0/STM32CubeIDE/plugins/com.st.stm32cube.ide.mcu.externaltools.gnu-tools-for-stm32.13.3.rel1.win32_1.0.0.202411081344/tools/bin/../lib/gcc/arm-none-eabi/13.3.1/thumb/v7e-m+fp/hard/crtbegin.o
 *(.init)
 .init          0x0800a8e4        0x4 C:/ST/STM32CubeIDE_1.19.0/STM32CubeIDE/plugins/com.st.stm32cube.ide.mcu.externaltools.gnu-tools-for-stm32.13.3.rel1.win32_1.0.0.202411081344/tools/bin/../lib/gcc/arm-none-eabi/13.3.1/thumb/v7e-m+fp/hard/crti.o
                0x0800a8e4                _init
 .init          0x0800a8e8        0x8 C:/ST/STM32CubeIDE_1.19.0/STM32CubeIDE/plugins/com.st.stm32cube.ide.mcu.externaltools.gnu-tools-for-stm32.13.3.rel1.win32_1.0.0.202411081344/tools/bin/../lib/gcc/arm-none-eabi/13.3.1/thumb/v7e-m+fp/hard/crtn.o
 *(.fini)
 .fini          0x0800a8f0        0x4 C:/ST/STM32CubeIDE_1.19.0/STM32CubeIDE/plugins/com.st.stm32cube.ide.mcu.externaltools.gnu-tools-for-stm32.13.3.rel1.win32_1.0.0.202411081344/tools/bin/../lib/gcc/arm-none-eabi/13.3.1/thumb/v7e-m+fp/hard/crti.o
                0x0800a8f0                _fini
 .fini          0x0800a8f4        0x8 C:/ST/STM32CubeIDE_1.19.0/STM32CubeIDE/plugins/com.st.stm32cube.ide.mcu.externaltools.gnu-tools-for-stm32.13.3.rel1.win32_1.0.0.202411081344/tools/bin/../lib/gcc/arm-none-eabi/13.3.1/thumb/v7e-m+fp/hard/crtn.o
                0x0800a8fc                        . = ALIGN (0x4)
                0x0800a8fc                        _etext = .

.vfp11_veneer   0x0800a8fc        0x0
 .vfp11_veneer  0x0800a8fc        0x0 linker stubs

.v4_bx          0x0800a8fc        0x0
 .v4_bx         0x0800a8fc        0x0 linker stubs

.iplt           0x0800a8fc        0x0
 .iplt          0x0800a8fc        0x0 C:/ST/STM32CubeIDE_1.19.0/STM32CubeIDE/plugins/com.st.stm32cube.ide.mcu.externaltools.gnu-tools-for-stm32.13.3.rel1.win32_1.0.0.202411081344/tools/bin/../lib/gcc/arm-none-eabi/13.3.1/thumb/v7e-m+fp/hard/crtbegin.o

.rodata         0x0800a8fc      0x444
                0x0800a8fc                        . = ALIGN (0x4)
 *(.rodata)
 .rodata        0x0800a8fc       0xeb ./Application/User/Core/freertos.o
 *fill*         0x0800a9e7        0x1 
 .rodata        0x0800a9e8       0x80 ./Application/User/Core/rtc.o
 .rodata        0x0800aa68        0x5 ./Middlewares/FreeRTOS/tasks.o
 *fill*         0x0800aa6d        0x3 
 .rodata        0x0800aa70        0xd ./Middlewares/FreeRTOS/timers.o
 *(.rodata*)
 *fill*         0x0800aa7d        0x3 
 .rodata.TimeTask_attributes
                0x0800aa80       0x24 ./Application/User/Core/freertos.o
                0x0800aa80                TimeTask_attributes
 .rodata.AlarmTask_attributes
                0x0800aaa4       0x24 ./Application/User/Core/freertos.o
                0x0800aaa4                AlarmTask_attributes
 .rodata.IRTask_attributes
                0x0800aac8       0x24 ./Application/User/Core/freertos.o
                0x0800aac8                IRTask_attributes
 .rodata.UIStateTask_attributes
                0x0800aaec       0x24 ./Application/User/Core/freertos.o
                0x0800aaec                UIStateTask_attributes
 .rodata.LCDTask_attributes
                0x0800ab10       0x24 ./Application/User/Core/freertos.o
                0x0800ab10                LCDTask_attributes
 .rodata.LCDMutex_attributes
                0x0800ab34       0x10 ./Application/User/Core/freertos.o
                0x0800ab34                LCDMutex_attributes
 .rodata.AHBPrescTable
                0x0800ab44       0x10 ./Drivers/CMSIS/system_stm32f4xx.o
                0x0800ab44                AHBPrescTable
 .rodata.APBPrescTable
                0x0800ab54        0x8 ./Drivers/CMSIS/system_stm32f4xx.o
                0x0800ab54                APBPrescTable
 .rodata._ctype_
                0x0800ab5c      0x101 C:/ST/STM32CubeIDE_1.19.0/STM32CubeIDE/plugins/com.st.stm32cube.ide.mcu.externaltools.gnu-tools-for-stm32.13.3.rel1.win32_1.0.0.202411081344/tools/bin/../lib/gcc/arm-none-eabi/13.3.1/../../../../arm-none-eabi/lib/thumb/v7e-m+fp/hard\libc_nano.a(libc_a-ctype_.o)
                0x0800ab5c                _ctype_
 .rodata.strtok.str1.1
                0x0800ac5d       0xe0 C:/ST/STM32CubeIDE_1.19.0/STM32CubeIDE/plugins/com.st.stm32cube.ide.mcu.externaltools.gnu-tools-for-stm32.13.3.rel1.win32_1.0.0.202411081344/tools/bin/../lib/gcc/arm-none-eabi/13.3.1/../../../../arm-none-eabi/lib/thumb/v7e-m+fp/hard\libc_nano.a(libc_a-strtok.o)
                                 0x71 (size before relaxing)
 .rodata.__assert_func.str1.1
                0x0800ad3d       0x3d C:/ST/STM32CubeIDE_1.19.0/STM32CubeIDE/plugins/com.st.stm32cube.ide.mcu.externaltools.gnu-tools-for-stm32.13.3.rel1.win32_1.0.0.202411081344/tools/bin/../lib/gcc/arm-none-eabi/13.3.1/../../../../arm-none-eabi/lib/thumb/v7e-m+fp/hard\libc_nano.a(libc_a-assert.o)
 .rodata._svfprintf_r.str1.1
                0x0800ad3d       0x11 C:/ST/STM32CubeIDE_1.19.0/STM32CubeIDE/plugins/com.st.stm32cube.ide.mcu.externaltools.gnu-tools-for-stm32.13.3.rel1.win32_1.0.0.202411081344/tools/bin/../lib/gcc/arm-none-eabi/13.3.1/../../../../arm-none-eabi/lib/thumb/v7e-m+fp/hard\libc_nano.a(libc_a-nano-svfprintf.o)
 .rodata._printf_i.str1.1
                0x0800ad3d       0x22 C:/ST/STM32CubeIDE_1.19.0/STM32CubeIDE/plugins/com.st.stm32cube.ide.mcu.externaltools.gnu-tools-for-stm32.13.3.rel1.win32_1.0.0.202411081344/tools/bin/../lib/gcc/arm-none-eabi/13.3.1/../../../../arm-none-eabi/lib/thumb/v7e-m+fp/hard\libc_nano.a(libc_a-nano-vfprintf_i.o)
 .rodata._vfprintf_r.str1.1
                0x0800ad3d       0x11 C:/ST/STM32CubeIDE_1.19.0/STM32CubeIDE/plugins/com.st.stm32cube.ide.mcu.externaltools.gnu-tools-for-stm32.13.3.rel1.win32_1.0.0.202411081344/tools/bin/../lib/gcc/arm-none-eabi/13.3.1/../../../../arm-none-eabi/lib/thumb/v7e-m+fp/hard\libc_nano.a(libc_a-nano-vfprintf.o)
                0x0800ad7c                        . = ALIGN (0x4)
 *fill*         0x0800ad3d        0x3 

.ARM.extab      0x0800ad40        0x0
                0x0800ad40                        . = ALIGN (0x4)
 *(.ARM.extab* .gnu.linkonce.armextab.*)
                0x0800ad40                        . = ALIGN (0x4)

.ARM            0x0800ad40        0x8
                0x0800ad40                        . = ALIGN (0x4)
                0x0800ad40                        __exidx_start = .
 *(.ARM.exidx*)
 .ARM.exidx     0x0800ad40        0x8 C:/ST/STM32CubeIDE_1.19.0/STM32CubeIDE/plugins/com.st.stm32cube.ide.mcu.externaltools.gnu-tools-for-stm32.13.3.rel1.win32_1.0.0.202411081344/tools/bin/../lib/gcc/arm-none-eabi/13.3.1/../../../../arm-none-eabi/lib/thumb/v7e-m+fp/hard\libc_nano.a(libc_a-memchr.o)
 .ARM.exidx     0x0800ad48        0x0 C:/ST/STM32CubeIDE_1.19.0/STM32CubeIDE/plugins/com.st.stm32cube.ide.mcu.externaltools.gnu-tools-for-stm32.13.3.rel1.win32_1.0.0.202411081344/tools/bin/../lib/gcc/arm-none-eabi/13.3.1/thumb/v7e-m+fp/hard\libgcc.a(_udivmoddi4.o)
                                  0x8 (size before relaxing)
                0x0800ad48                        __exidx_end = .
                0x0800ad48                        . = ALIGN (0x4)

.preinit_array  0x0800ad48        0x0
                0x0800ad48                        . = ALIGN (0x4)
                0x0800ad48                        PROVIDE (__preinit_array_start = .)
 *(.preinit_array*)
                0x0800ad48                        PROVIDE (__preinit_array_end = .)
                0x0800ad48                        . = ALIGN (0x4)

.init_array     0x0800ad48        0x4
                0x0800ad48                        . = ALIGN (0x4)
                0x0800ad48                        PROVIDE (__init_array_start = .)
 *(SORT_BY_NAME(.init_array.*))
 *(.init_array*)
 .init_array    0x0800ad48        0x4 C:/ST/STM32CubeIDE_1.19.0/STM32CubeIDE/plugins/com.st.stm32cube.ide.mcu.externaltools.gnu-tools-for-stm32.13.3.rel1.win32_1.0.0.202411081344/tools/bin/../lib/gcc/arm-none-eabi/13.3.1/thumb/v7e-m+fp/hard/crtbegin.o
                0x0800ad4c                        PROVIDE (__init_array_end = .)
                0x0800ad4c                        . = ALIGN (0x4)

.fini_array     0x0800ad4c        0x4
                0x0800ad4c                        . = ALIGN (0x4)
                [!provide]                        PROVIDE (__fini_array_start = .)
 *(SORT_BY_NAME(.fini_array.*))
 *(.fini_array*)
 .fini_array    0x0800ad4c        0x4 C:/ST/STM32CubeIDE_1.19.0/STM32CubeIDE/plugins/com.st.stm32cube.ide.mcu.externaltools.gnu-tools-for-stm32.13.3.rel1.win32_1.0.0.202411081344/tools/bin/../lib/gcc/arm-none-eabi/13.3.1/thumb/v7e-m+fp/hard/crtbegin.o
                [!provide]                        PROVIDE (__fini_array_end = .)
                0x0800ad50                        . = ALIGN (0x4)
                0x0800ad50                        _sidata = LOADADDR (.data)

.rel.dyn        0x0800ad50        0x0
 .rel.iplt      0x0800ad50        0x0 C:/ST/STM32CubeIDE_1.19.0/STM32CubeIDE/plugins/com.st.stm32cube.ide.mcu.externaltools.gnu-tools-for-stm32.13.3.rel1.win32_1.0.0.202411081344/tools/bin/../lib/gcc/arm-none-eabi/13.3.1/thumb/v7e-m+fp/hard/crtbegin.o

.data           0x20000000       0x6c load address 0x0800ad50
                0x20000000                        . = ALIGN (0x4)
                0x20000000                        _sdata = .
 *(.data)
 *(.data*)
 .data.SystemCoreClock
                0x20000000        0x4 ./Drivers/CMSIS/system_stm32f4xx.o
                0x20000000                SystemCoreClock
 .data.uwTickPrio
                0x20000004        0x4 ./Drivers/STM32F4xx_HAL_Driver/stm32f4xx_hal.o
                0x20000004                uwTickPrio
 .data.uwTickFreq
                0x20000008        0x1 ./Drivers/STM32F4xx_HAL_Driver/stm32f4xx_hal.o
                0x20000008                uwTickFreq
 *fill*         0x20000009        0x3 
 .data.uxCriticalNesting
                0x2000000c        0x4 ./Middlewares/FreeRTOS/port.o
 .data.__sglue  0x20000010        0xc C:/ST/STM32CubeIDE_1.19.0/STM32CubeIDE/plugins/com.st.stm32cube.ide.mcu.externaltools.gnu-tools-for-stm32.13.3.rel1.win32_1.0.0.202411081344/tools/bin/../lib/gcc/arm-none-eabi/13.3.1/../../../../arm-none-eabi/lib/thumb/v7e-m+fp/hard\libc_nano.a(libc_a-findfp.o)
                0x20000010                __sglue
 .data._impure_ptr
                0x2000001c        0x4 C:/ST/STM32CubeIDE_1.19.0/STM32CubeIDE/plugins/com.st.stm32cube.ide.mcu.externaltools.gnu-tools-for-stm32.13.3.rel1.win32_1.0.0.202411081344/tools/bin/../lib/gcc/arm-none-eabi/13.3.1/../../../../arm-none-eabi/lib/thumb/v7e-m+fp/hard\libc_nano.a(libc_a-impure.o)
                0x2000001c                _impure_ptr
 .data._impure_data
                0x20000020       0x4c C:/ST/STM32CubeIDE_1.19.0/STM32CubeIDE/plugins/com.st.stm32cube.ide.mcu.externaltools.gnu-tools-for-stm32.13.3.rel1.win32_1.0.0.202411081344/tools/bin/../lib/gcc/arm-none-eabi/13.3.1/../../../../arm-none-eabi/lib/thumb/v7e-m+fp/hard\libc_nano.a(libc_a-impure.o)
                0x20000020                _impure_data
 *(.RamFunc)
 *(.RamFunc*)
                0x2000006c                        . = ALIGN (0x4)
                0x2000006c                        _edata = .

.igot.plt       0x2000006c        0x0 load address 0x0800adbc
 .igot.plt      0x2000006c        0x0 C:/ST/STM32CubeIDE_1.19.0/STM32CubeIDE/plugins/com.st.stm32cube.ide.mcu.externaltools.gnu-tools-for-stm32.13.3.rel1.win32_1.0.0.202411081344/tools/bin/../lib/gcc/arm-none-eabi/13.3.1/thumb/v7e-m+fp/hard/crtbegin.o
                0x2000006c                        . = ALIGN (0x4)

.bss            0x2000006c     0x4ccc load address 0x0800adbc
                0x2000006c                        _sbss = .
                0x2000006c                        __bss_start__ = _sbss
 *(.bss)
 .bss           0x2000006c       0x1c C:/ST/STM32CubeIDE_1.19.0/STM32CubeIDE/plugins/com.st.stm32cube.ide.mcu.externaltools.gnu-tools-for-stm32.13.3.rel1.win32_1.0.0.202411081344/tools/bin/../lib/gcc/arm-none-eabi/13.3.1/thumb/v7e-m+fp/hard/crtbegin.o
 *(.bss*)
 .bss.setup_time
                0x20000088       0x14 ./Application/User/Core/freertos.o
                0x20000088                setup_time
 .bss.current_mode
                0x2000009c        0x1 ./Application/User/Core/freertos.o
                0x2000009c                current_mode
 .bss.selected_time_field
                0x2000009d        0x1 ./Application/User/Core/freertos.o
                0x2000009d                selected_time_field
 .bss.selected_alarm_field
                0x2000009e        0x1 ./Application/User/Core/freertos.o
                0x2000009e                selected_alarm_field
 *fill*         0x2000009f        0x1 
 .bss.lcdQueue  0x200000a0        0x4 ./Application/User/Core/freertos.o
                0x200000a0                lcdQueue
 .bss.time_set_done_flag
                0x200000a4        0x4 ./Application/User/Core/freertos.o
                0x200000a4                time_set_done_flag
 .bss.time_set_done_tick
                0x200000a8        0x4 ./Application/User/Core/freertos.o
                0x200000a8                time_set_done_tick
 .bss.alarm_is_set
                0x200000ac        0x1 ./Application/User/Core/freertos.o
                0x200000ac                alarm_is_set
 .bss.force_lcd_refresh
                0x200000ad        0x1 ./Application/User/Core/freertos.o
                0x200000ad                force_lcd_refresh
 *fill*         0x200000ae        0x2 
 .bss.TimeTaskHandle
                0x200000b0        0x4 ./Application/User/Core/freertos.o
                0x200000b0                TimeTaskHandle
 .bss.AlarmTaskHandle
                0x200000b4        0x4 ./Application/User/Core/freertos.o
                0x200000b4                AlarmTaskHandle
 .bss.IRTaskHandle
                0x200000b8        0x4 ./Application/User/Core/freertos.o
                0x200000b8                IRTaskHandle
 .bss.UIStateTaskHandle
                0x200000bc        0x4 ./Application/User/Core/freertos.o
                0x200000bc                UIStateTaskHandle
 .bss.LCDTaskHandle
                0x200000c0        0x4 ./Application/User/Core/freertos.o
                0x200000c0                LCDTaskHandle
 .bss.LCDMutexHandle
                0x200000c4        0x4 ./Application/User/Core/freertos.o
                0x200000c4                LCDMutexHandle
 .bss.alarm_triggered.0
                0x200000c8        0x1 ./Application/User/Core/freertos.o
 *fill*         0x200000c9        0x3 
 .bss.hi2c1     0x200000cc       0x54 ./Application/User/Core/i2c.o
                0x200000cc                hi2c1
 .bss.ir_data   0x20000120        0x4 ./Application/User/Core/main.o
                0x20000120                ir_data
 .bss.bit_cnt   0x20000124        0x1 ./Application/User/Core/main.o
                0x20000124                bit_cnt
 .bss.ir_key_ready
                0x20000125        0x1 ./Application/User/Core/main.o
                0x20000125                ir_key_ready
 .bss.receiving
                0x20000126        0x1 ./Application/User/Core/main.o
                0x20000126                receiving
 .bss.alarm_hour
                0x20000127        0x1 ./Application/User/Core/main.o
                0x20000127                alarm_hour
 .bss.alarm_min
                0x20000128        0x1 ./Application/User/Core/main.o
                0x20000128                alarm_min
 .bss.alarm_sec
                0x20000129        0x1 ./Application/User/Core/main.o
                0x20000129                alarm_sec
 .bss.alarm_hour_input_idx
                0x2000012a        0x1 ./Application/User/Core/main.o
                0x2000012a                alarm_hour_input_idx
 .bss.alarm_min_input_idx
                0x2000012b        0x1 ./Application/User/Core/main.o
                0x2000012b                alarm_min_input_idx
 .bss.alarm_sec_input_idx
                0x2000012c        0x1 ./Application/User/Core/main.o
                0x2000012c                alarm_sec_input_idx
 *fill*         0x2000012d        0x3 
 .bss.alarm_hour_digits
                0x20000130        0x2 ./Application/User/Core/main.o
                0x20000130                alarm_hour_digits
 *fill*         0x20000132        0x2 
 .bss.alarm_min_digits
                0x20000134        0x2 ./Application/User/Core/main.o
                0x20000134                alarm_min_digits
 *fill*         0x20000136        0x2 
 .bss.alarm_sec_digits
                0x20000138        0x2 ./Application/User/Core/main.o
                0x20000138                alarm_sec_digits
 *fill*         0x2000013a        0x2 
 .bss.setup_hour_digits
                0x2000013c        0x2 ./Application/User/Core/main.o
                0x2000013c                setup_hour_digits
 *fill*         0x2000013e        0x2 
 .bss.setup_min_digits
                0x20000140        0x2 ./Application/User/Core/main.o
                0x20000140                setup_min_digits
 *fill*         0x20000142        0x2 
 .bss.setup_sec_digits
                0x20000144        0x2 ./Application/User/Core/main.o
                0x20000144                setup_sec_digits
 .bss.setup_hour_input_idx
                0x20000146        0x1 ./Application/User/Core/main.o
                0x20000146                setup_hour_input_idx
 .bss.setup_min_input_idx
                0x20000147        0x1 ./Application/User/Core/main.o
                0x20000147                setup_min_input_idx
 .bss.setup_sec_input_idx
                0x20000148        0x1 ./Application/User/Core/main.o
                0x20000148                setup_sec_input_idx
 *fill*         0x20000149        0x3 
 .bss.hrtc      0x2000014c       0x20 ./Application/User/Core/rtc.o
                0x2000014c                hrtc
 .bss.__sbrk_heap_end
                0x2000016c        0x4 ./Application/User/Core/sysmem.o
 .bss.htim2     0x20000170       0x48 ./Application/User/Core/tim.o
                0x20000170                htim2
 .bss.huart2    0x200001b8       0x48 ./Application/User/Core/usart.o
                0x200001b8                huart2
 .bss.uwTick    0x20000200        0x4 ./Drivers/STM32F4xx_HAL_Driver/stm32f4xx_hal.o
                0x20000200                uwTick
 .bss.KernelState
                0x20000204        0x4 ./Middlewares/FreeRTOS/cmsis_os2.o
 .bss.Idle_TCB.3
                0x20000208       0xa8 ./Middlewares/FreeRTOS/cmsis_os2.o
 .bss.Idle_Stack.2
                0x200002b0      0x200 ./Middlewares/FreeRTOS/cmsis_os2.o
 .bss.Timer_TCB.1
                0x200004b0       0xa8 ./Middlewares/FreeRTOS/cmsis_os2.o
 .bss.Timer_Stack.0
                0x20000558      0x400 ./Middlewares/FreeRTOS/cmsis_os2.o
 .bss.ucHeap    0x20000958     0x3c00 ./Middlewares/FreeRTOS/heap_4.o
 .bss.xStart    0x20004558        0x8 ./Middlewares/FreeRTOS/heap_4.o
 .bss.pxEnd     0x20004560        0x4 ./Middlewares/FreeRTOS/heap_4.o
 .bss.xFreeBytesRemaining
                0x20004564        0x4 ./Middlewares/FreeRTOS/heap_4.o
 .bss.xMinimumEverFreeBytesRemaining
                0x20004568        0x4 ./Middlewares/FreeRTOS/heap_4.o
 .bss.xNumberOfSuccessfulAllocations
                0x2000456c        0x4 ./Middlewares/FreeRTOS/heap_4.o
 .bss.xNumberOfSuccessfulFrees
                0x20004570        0x4 ./Middlewares/FreeRTOS/heap_4.o
 .bss.xBlockAllocatedBit
                0x20004574        0x4 ./Middlewares/FreeRTOS/heap_4.o
 .bss.ucMaxSysCallPriority
                0x20004578        0x1 ./Middlewares/FreeRTOS/port.o
 *fill*         0x20004579        0x3 
 .bss.ulMaxPRIGROUPValue
                0x2000457c        0x4 ./Middlewares/FreeRTOS/port.o
 .bss.xQueueRegistry
                0x20004580       0x40 ./Middlewares/FreeRTOS/queue.o
                0x20004580                xQueueRegistry
 .bss.pxCurrentTCB
                0x200045c0        0x4 ./Middlewares/FreeRTOS/tasks.o
                0x200045c0                pxCurrentTCB
 .bss.pxReadyTasksLists
                0x200045c4      0x460 ./Middlewares/FreeRTOS/tasks.o
 .bss.xDelayedTaskList1
                0x20004a24       0x14 ./Middlewares/FreeRTOS/tasks.o
 .bss.xDelayedTaskList2
                0x20004a38       0x14 ./Middlewares/FreeRTOS/tasks.o
 .bss.pxDelayedTaskList
                0x20004a4c        0x4 ./Middlewares/FreeRTOS/tasks.o
 .bss.pxOverflowDelayedTaskList
                0x20004a50        0x4 ./Middlewares/FreeRTOS/tasks.o
 .bss.xPendingReadyList
                0x20004a54       0x14 ./Middlewares/FreeRTOS/tasks.o
 .bss.xTasksWaitingTermination
                0x20004a68       0x14 ./Middlewares/FreeRTOS/tasks.o
 .bss.uxDeletedTasksWaitingCleanUp
                0x20004a7c        0x4 ./Middlewares/FreeRTOS/tasks.o
 .bss.xSuspendedTaskList
                0x20004a80       0x14 ./Middlewares/FreeRTOS/tasks.o
 .bss.uxCurrentNumberOfTasks
                0x20004a94        0x4 ./Middlewares/FreeRTOS/tasks.o
 .bss.xTickCount
                0x20004a98        0x4 ./Middlewares/FreeRTOS/tasks.o
 .bss.uxTopReadyPriority
                0x20004a9c        0x4 ./Middlewares/FreeRTOS/tasks.o
 .bss.xSchedulerRunning
                0x20004aa0        0x4 ./Middlewares/FreeRTOS/tasks.o
 .bss.xPendedTicks
                0x20004aa4        0x4 ./Middlewares/FreeRTOS/tasks.o
 .bss.xYieldPending
                0x20004aa8        0x4 ./Middlewares/FreeRTOS/tasks.o
 .bss.xNumOfOverflows
                0x20004aac        0x4 ./Middlewares/FreeRTOS/tasks.o
 .bss.uxTaskNumber
                0x20004ab0        0x4 ./Middlewares/FreeRTOS/tasks.o
 .bss.xNextTaskUnblockTime
                0x20004ab4        0x4 ./Middlewares/FreeRTOS/tasks.o
 .bss.xIdleTaskHandle
                0x20004ab8        0x4 ./Middlewares/FreeRTOS/tasks.o
 .bss.uxSchedulerSuspended
                0x20004abc        0x4 ./Middlewares/FreeRTOS/tasks.o
 .bss.xActiveTimerList1
                0x20004ac0       0x14 ./Middlewares/FreeRTOS/timers.o
 .bss.xActiveTimerList2
                0x20004ad4       0x14 ./Middlewares/FreeRTOS/timers.o
 .bss.pxCurrentTimerList
                0x20004ae8        0x4 ./Middlewares/FreeRTOS/timers.o
 .bss.pxOverflowTimerList
                0x20004aec        0x4 ./Middlewares/FreeRTOS/timers.o
 .bss.xTimerQueue
                0x20004af0        0x4 ./Middlewares/FreeRTOS/timers.o
 .bss.xTimerTaskHandle
                0x20004af4        0x4 ./Middlewares/FreeRTOS/timers.o
 .bss.xLastTime.2
                0x20004af8        0x4 ./Middlewares/FreeRTOS/timers.o
 .bss.ucStaticTimerQueueStorage.1
                0x20004afc       0xa0 ./Middlewares/FreeRTOS/timers.o
 .bss.xStaticTimerQueue.0
                0x20004b9c       0x50 ./Middlewares/FreeRTOS/timers.o
 .bss.__sf      0x20004bec      0x138 C:/ST/STM32CubeIDE_1.19.0/STM32CubeIDE/plugins/com.st.stm32cube.ide.mcu.externaltools.gnu-tools-for-stm32.13.3.rel1.win32_1.0.0.202411081344/tools/bin/../lib/gcc/arm-none-eabi/13.3.1/../../../../arm-none-eabi/lib/thumb/v7e-m+fp/hard\libc_nano.a(libc_a-findfp.o)
                0x20004bec                __sf
 .bss.__stdio_exit_handler
                0x20004d24        0x4 C:/ST/STM32CubeIDE_1.19.0/STM32CubeIDE/plugins/com.st.stm32cube.ide.mcu.externaltools.gnu-tools-for-stm32.13.3.rel1.win32_1.0.0.202411081344/tools/bin/../lib/gcc/arm-none-eabi/13.3.1/../../../../arm-none-eabi/lib/thumb/v7e-m+fp/hard\libc_nano.a(libc_a-findfp.o)
                0x20004d24                __stdio_exit_handler
 .bss.errno     0x20004d28        0x4 C:/ST/STM32CubeIDE_1.19.0/STM32CubeIDE/plugins/com.st.stm32cube.ide.mcu.externaltools.gnu-tools-for-stm32.13.3.rel1.win32_1.0.0.202411081344/tools/bin/../lib/gcc/arm-none-eabi/13.3.1/../../../../arm-none-eabi/lib/thumb/v7e-m+fp/hard\libc_nano.a(libc_a-reent.o)
                0x20004d28                errno
 .bss.__lock___malloc_recursive_mutex
                0x20004d2c        0x1 C:/ST/STM32CubeIDE_1.19.0/STM32CubeIDE/plugins/com.st.stm32cube.ide.mcu.externaltools.gnu-tools-for-stm32.13.3.rel1.win32_1.0.0.202411081344/tools/bin/../lib/gcc/arm-none-eabi/13.3.1/../../../../arm-none-eabi/lib/thumb/v7e-m+fp/hard\libc_nano.a(libc_a-lock.o)
                0x20004d2c                __lock___malloc_recursive_mutex
 .bss.__lock___sfp_recursive_mutex
                0x20004d2d        0x1 C:/ST/STM32CubeIDE_1.19.0/STM32CubeIDE/plugins/com.st.stm32cube.ide.mcu.externaltools.gnu-tools-for-stm32.13.3.rel1.win32_1.0.0.202411081344/tools/bin/../lib/gcc/arm-none-eabi/13.3.1/../../../../arm-none-eabi/lib/thumb/v7e-m+fp/hard\libc_nano.a(libc_a-lock.o)