C:/Users/KCCISTC/Documents/CubeMX/MiniProject/Core/Src/freertos.c:138:6:MX_FREERTOS_Init	8	static
C:/Users/KCCISTC/Documents/CubeMX/MiniProject/Core/Src/freertos.c:199:6:StartTimeTask	88	static
C:/Users/KCCISTC/Documents/CubeMX/MiniProject/Core/Src/freertos.c:231:6:StartAlarmTask	40	static
C:/Users/KCCISTC/Documents/CubeMX/MiniProject/Core/Src/freertos.c:269:6:StartIRTask	64	static
C:/Users/KCCISTC/Documents/CubeMX/MiniProject/Core/Src/freertos.c:446:6:StartUIStateTask	88	static
C:/Users/KCCISTC/Documents/CubeMX/MiniProject/Core/Src/freertos.c:509:6:StartLCDTask	48	static
